octave:40> x =-1:0.01:1;
octave:41> y=x.^2
y =

 Columns 1 through 5:

   1.00000   0.98010   0.96040   0.94090   0.92160

 Columns 6 through 10:

   0.90250   0.88360   0.86490   0.84640   0.82810

 Columns 11 through 15:

   0.81000   0.79210   0.77440   0.75690   0.73960

 Columns 16 through 20:

   0.72250   0.70560   0.68890   0.67240   0.65610

 Columns 21 through 25:

   0.64000   0.62410   0.60840   0.59290   0.57760

 Columns 26 through 30:

   0.56250   0.54760   0.53290   0.51840   0.50410

 Columns 31 through 35:

   0.49000   0.47610   0.46240   0.44890   0.43560

 Columns 36 through 40:

   0.42250   0.40960   0.39690   0.38440   0.37210

 Columns 41 through 45:

   0.36000   0.34810   0.33640   0.32490   0.31360

 Columns 46 through 50:

   0.30250   0.29160   0.28090   0.27040   0.26010

 Columns 51 through 55:

   0.25000   0.24010   0.23040   0.22090   0.21160

 Columns 56 through 60:

   0.20250   0.19360   0.18490   0.17640   0.16810

 Columns 61 through 65:

   0.16000   0.15210   0.14440   0.13690   0.12960

 Columns 66 through 70:

   0.12250   0.11560   0.10890   0.10240   0.09610

 Columns 71 through 75:

   0.09000   0.08410   0.07840   0.07290   0.06760

 Columns 76 through 80:

   0.06250   0.05760   0.05290   0.04840   0.04410

 Columns 81 through 85:

   0.04000   0.03610   0.03240   0.02890   0.02560

 Columns 86 through 90:

   0.02250   0.01960   0.01690   0.01440   0.01210

 Columns 91 through 95:

   0.01000   0.00810   0.00640   0.00490   0.00360

 Columns 96 through 100:

   0.00250   0.00160   0.00090   0.00040   0.00010

 Columns 101 through 105:

   0.00000   0.00010   0.00040   0.00090   0.00160

 Columns 106 through 110:

   0.00250   0.00360   0.00490   0.00640   0.00810

 Columns 111 through 115:

   0.01000   0.01210   0.01440   0.01690   0.01960

 Columns 116 through 120:

   0.02250   0.02560   0.02890   0.03240   0.03610

 Columns 121 through 125:

   0.04000   0.04410   0.04840   0.05290   0.05760

 Columns 126 through 130:

   0.06250   0.06760   0.07290   0.07840   0.08410

 Columns 131 through 135:

   0.09000   0.09610   0.10240   0.10890   0.11560

 Columns 136 through 140:

   0.12250   0.12960   0.13690   0.14440   0.15210

 Columns 141 through 145:

   0.16000   0.16810   0.17640   0.18490   0.19360

 Columns 146 through 150:

   0.20250   0.21160   0.22090   0.23040   0.24010

 Columns 151 through 155:

   0.25000   0.26010   0.27040   0.28090   0.29160

 Columns 156 through 160:

   0.30250   0.31360   0.32490   0.33640   0.34810

 Columns 161 through 165:

   0.36000   0.37210   0.38440   0.39690   0.40960

 Columns 166 through 170:

   0.42250   0.43560   0.44890   0.46240   0.47610

 Columns 171 through 175:

   0.49000   0.50410   0.51840   0.53290   0.54760

 Columns 176 through 180:

   0.56250   0.57760   0.59290   0.60840   0.62410

 Columns 181 through 185:

   0.64000   0.65610   0.67240   0.68890   0.70560

 Columns 186 through 190:

   0.72250   0.73960   0.75690   0.77440   0.79210

 Columns 191 through 195:

   0.81000   0.82810   0.84640   0.86490   0.88360

 Columns 196 through 200:

   0.90250   0.92160   0.94090   0.96040   0.98010

 Column 201:

   1.00000

octave:42> z=x.^3;
octave:43> plot(x,y,'bo',5,x,z,'r+,5)
error: unterminated character string constant
parse error:

  syntax error

>>> plot(x,y,'bo',5,x,z,'r+,5)
                             ^

octave:43> plot(x,y,'bo',5,x,z,'r+',5)
octave:44> x(1:10,:)
error: A(I,J): row index out of bounds; value 10 out of bound 1
octave:44> x
x =

 Columns 1 through 5:

   -1.0000   -0.9900   -0.9800   -0.9700   -0.9600

 Columns 6 through 10:

   -0.9500   -0.9400   -0.9300   -0.9200   -0.9100

 Columns 11 through 15:

   -0.9000   -0.8900   -0.8800   -0.8700   -0.8600

 Columns 16 through 20:

   -0.8500   -0.8400   -0.8300   -0.8200   -0.8100

 Columns 21 through 25:

   -0.8000   -0.7900   -0.7800   -0.7700   -0.7600

 Columns 26 through 30:

   -0.7500   -0.7400   -0.7300   -0.7200   -0.7100

 Columns 31 through 35:

   -0.7000   -0.6900   -0.6800   -0.6700   -0.6600

 Columns 36 through 40:

   -0.6500   -0.6400   -0.6300   -0.6200   -0.6100

 Columns 41 through 45:

   -0.6000   -0.5900   -0.5800   -0.5700   -0.5600

 Columns 46 through 50:

   -0.5500   -0.5400   -0.5300   -0.5200   -0.5100

 Columns 51 through 55:

   -0.5000   -0.4900   -0.4800   -0.4700   -0.4600

 Columns 56 through 60:

   -0.4500   -0.4400   -0.4300   -0.4200   -0.4100

 Columns 61 through 65:

   -0.4000   -0.3900   -0.3800   -0.3700   -0.3600

 Columns 66 through 70:

   -0.3500   -0.3400   -0.3300   -0.3200   -0.3100

 Columns 71 through 75:

   -0.3000   -0.2900   -0.2800   -0.2700   -0.2600

 Columns 76 through 80:

   -0.2500   -0.2400   -0.2300   -0.2200   -0.2100

 Columns 81 through 85:

   -0.2000   -0.1900   -0.1800   -0.1700   -0.1600

 Columns 86 through 90:

   -0.1500   -0.1400   -0.1300   -0.1200   -0.1100

 Columns 91 through 95:

   -0.1000   -0.0900   -0.0800   -0.0700   -0.0600

 Columns 96 through 100:

   -0.0500   -0.0400   -0.0300   -0.0200   -0.0100

 Columns 101 through 105:

    0.0000    0.0100    0.0200    0.0300    0.0400

 Columns 106 through 110:

    0.0500    0.0600    0.0700    0.0800    0.0900

 Columns 111 through 115:

    0.1000    0.1100    0.1200    0.1300    0.1400

 Columns 116 through 120:

    0.1500    0.1600    0.1700    0.1800    0.1900

 Columns 121 through 125:

    0.2000    0.2100    0.2200    0.2300    0.2400

 Columns 126 through 130:

    0.2500    0.2600    0.2700    0.2800    0.2900

 Columns 131 through 135:

    0.3000    0.3100    0.3200    0.3300    0.3400

 Columns 136 through 140:

    0.3500    0.3600    0.3700    0.3800    0.3900

 Columns 141 through 145:

    0.4000    0.4100    0.4200    0.4300    0.4400

 Columns 146 through 150:

    0.4500    0.4600    0.4700    0.4800    0.4900

 Columns 151 through 155:

    0.5000    0.5100    0.5200    0.5300    0.5400

 Columns 156 through 160:

    0.5500    0.5600    0.5700    0.5800    0.5900

 Columns 161 through 165:

    0.6000    0.6100    0.6200    0.6300    0.6400

 Columns 166 through 170:

    0.6500    0.6600    0.6700    0.6800    0.6900

 Columns 171 through 175:

    0.7000    0.7100    0.7200    0.7300    0.7400

 Columns 176 through 180:

    0.7500    0.7600    0.7700    0.7800    0.7900

 Columns 181 through 185:

    0.8000    0.8100    0.8200    0.8300    0.8400

 Columns 186 through 190:

    0.8500    0.8600    0.8700    0.8800    0.8900

 Columns 191 through 195:

    0.9000    0.9100    0.9200    0.9300    0.9400

 Columns 196 through 200:

    0.9500    0.9600    0.9700    0.9800    0.9900

 Column 201:

    1.0000

octave:45> x=-1:0.1:1;
octave:46> x
x =

 Columns 1 through 5:

   -1.0000   -0.9000   -0.8000   -0.7000   -0.6000

 Columns 6 through 10:

   -0.5000   -0.4000   -0.3000   -0.2000   -0.1000

 Columns 11 through 15:

    0.0000    0.1000    0.2000    0.3000    0.4000

 Columns 16 through 20:

    0.5000    0.6000    0.7000    0.8000    0.9000

 Column 21:

    1.0000

octave:47> y=x.^2;
octave:48> y
y =

 Columns 1 through 5:

   1.00000   0.81000   0.64000   0.49000   0.36000

 Columns 6 through 10:

   0.25000   0.16000   0.09000   0.04000   0.01000

 Columns 11 through 15:

   0.00000   0.01000   0.04000   0.09000   0.16000

 Columns 16 through 20:

   0.25000   0.36000   0.49000   0.64000   0.81000

 Column 21:

   1.00000

octave:49> plot(x,y,'r+',5)
octave:50> z=x.^3
z =

 Columns 1 through 5:

  -1.00000  -0.72900  -0.51200  -0.34300  -0.21600

 Columns 6 through 10:

  -0.12500  -0.06400  -0.02700  -0.00800  -0.00100

 Columns 11 through 15:

   0.00000   0.00100   0.00800   0.02700   0.06400

 Columns 16 through 20:

   0.12500   0.21600   0.34300   0.51200   0.72900

 Column 21:

   1.00000

octave:51> plot(x,y,"rx",5,x,z,"bo",5)
octave:52> z
z =

 Columns 1 through 5:

  -1.00000  -0.72900  -0.51200  -0.34300  -0.21600

 Columns 6 through 10:

  -0.12500  -0.06400  -0.02700  -0.00800  -0.00100

 Columns 11 through 15:

   0.00000   0.00100   0.00800   0.02700   0.06400

 Columns 16 through 20:

   0.12500   0.21600   0.34300   0.51200   0.72900

 Column 21:

   1.00000

octave:53> plot(x,y,"rx",x,z,"bo")
octave:54> legend('x-squared', 'x-cubed')
octave:55> xlabel('x');
octave:56> ylabel('y');
octave:57> title("Graph of y=x^2 & y=x^3")
octave:58> help plot
'plot' is a function from the file /usr/local/octave/3.8.0/share/octave/3.8.0/m/plot/draw/plot.m

 -- Function File:  plot (Y)
 -- Function File:  plot (X, Y)
 -- Function File:  plot (X, Y, FMT)
 -- Function File:  plot (..., PROPERTY, VALUE, ...)
 -- Function File:  plot (X1, Y1, ..., XN, YN)
 -- Function File:  plot (HAX, ...)
 -- Function File: H = plot (...)
     Produce 2-D plots.

     Many different combinations of arguments are possible.  The
     simplest form is

          plot (Y)

     where the argument is taken as the set of Y coordinates and the X
     coordinates are taken to be the range `1:numel (Y)'.

     If more than one argument is given, they are interpreted as

          plot (Y, PROPERTY, VALUE, ...)

     or

          plot (X, Y, PROPERTY, VALUE, ...)

     or

          plot (X, Y, FMT, ...)

     and so on.  Any number of argument sets may appear.  The X and Y
     values are interpreted as follows:

        * If a single data argument is supplied, it is taken as the set
          of Y coordinates and the X coordinates are taken to be the
          indices of the elements, starting with 1.

        * If X and Y are scalars, a single point is plotted.

        * `squeeze()' is applied to arguments with more than two
          dimensions, but no more than two singleton dimensions.

        * If both arguments are vectors, the elements of Y are plotted
          versus the elements of X.

        * If X is a vector and Y is a matrix, then the columns (or
          rows) of Y are plotted versus X.  (using whichever
          combination matches, with columns tried first.)

        * If the X is a matrix and Y is a vector, Y is plotted versus
          the columns (or rows) of X.  (using whichever combination
          matches, with columns tried first.)

        * If both arguments are matrices, the columns of Y are plotted
          versus the columns of X.  In this case, both matrices must
          have the same number of rows and columns and no attempt is
          made to transpose the arguments to make the number of rows
          match.

     Multiple property-value pairs may be specified, but they must
     appear in pairs.  These arguments are applied to the line objects
     drawn by `plot'.  Useful properties to modify are "linestyle",
     "linewidth", "color", "marker", "markersize", "markeredgecolor",
     "markerfacecolor".

     The FMT format argument can also be used to control the plot style.
     The format is composed of three parts: linestyle, markerstyle,
     color.  When a markerstyle is specified, but no linestyle, only
     the markers are plotted.  Similarly, if a linestyle is specified,
     but no markerstyle, then only lines are drawn.  If both are
     specified then lines and markers will be plotted.  If no FMT and
     no PROPERTY/VALUE pairs are given, then the default plot style is
     solid lines with no markers and the color determined by the
     "colororder" property of the current axes.

     Format arguments:

    linestyle
          `-'  Use solid lines (default).
          `--' Use dashed lines.
          `:'  Use dotted lines.
          `-.' Use dash-dotted lines.

    markerstyle
          `+'  crosshair
          `o'  circle
          `*'  star
          `.'  point
          `x'  cross
          `s'  square
          `d'  diamond
          `^'  upward-facing triangle
          `v'  downward-facing triangle
          `>'  right-facing triangle
          `<'  left-facing triangle
          `p'  pentagram
          `h'  hexagram

    color
          `k'  blacK
          `r'  Red
          `g'  Green
          `b'  Blue
          `m'  Magenta
          `c'  Cyan
          `w'  White

    ";key;"
          Here "key" is the label to use for the plot legend.

     The FMT argument may also be used to assign legend keys.  To do
     so, include the desired label between semicolons after the
     formatting sequence described above, e.g., "+b;Key Title;".  Note
     that the last semicolon is required and Octave will generate an
     error if it is left out.

     Here are some plot examples:

          plot (x, y, "or", x, y2, x, y3, "m", x, y4, "+")

     This command will plot `y' with red circles, `y2' with solid
     lines, `y3' with solid magenta lines, and `y4' with points
     displayed as `+'.

          plot (b, "*", "markersize", 10)

     This command will plot the data in the variable `b', with points
     displayed as `*' and a marker size of 10.

          t = 0:0.1:6.3;
          plot (t, cos(t), "-;cos(t);", t, sin(t), "-b;sin(t);");

     This will plot the cosine and sine functions and label them
     accordingly in the legend.

     If the first argument HAX is an axes handle, then plot into this
     axis, rather than the current axes returned by `gca'.

     The optional return value H is a vector of graphics handles to the
     created line objects.

     To save a plot, in one of several image formats such as PostScript
     or PNG, use the `print' command.

     See also: axis, box, grid, hold, legend, title, xlabel, ylabel,
     xlim, ylim, ezplot, errorbar, fplot, line, plot3, polar, loglog,
     semilogx, semilogy, subplot.



Additional help for built-in functions and operators is
available in the online version of the manual.  Use the command
'doc <topic>' to search the manual index.

Help and information about Octave is also available on the WWW
at http://www.octave.org and via the help@octave.org
mailing list.
octave:59> diary plotting_practice
octave:60> A = rand(3,3)
A =

   0.98694   0.69135   0.33035
   0.92514   0.39501   0.13745
   0.81418   0.27690   0.52132

octave:61> B=det(A)
B = -0.11201
octave:62> A=[1 0 0; 0 1 0; 0 0 1]
A =

   1   0   0
   0   1   0
   0   0   1

octave:63> det(A)
ans =  1
octave:64> A=[1]
A =  1
octave:65> det(A)
ans =  1
octave:66> A=[.25]
A =  0.25000
octave:67> det(A)
ans =  0.25000
octave:68> A=[3 4; 6 8]
A =

   3   4
   6   8

octave:69> det(A)
ans = 0
octave:70> A
A =

   3   4
   6   8

octave:71> b
b =

  -1
   6
   0
   9

octave:72> tic, x = A\b; toc
error: operator \: nonconformant arguments (op1 is 2x2, op2 is 4x1)
octave:72> tic, x = A/b; toc
error: operator /: nonconformant arguments (op1 is 2x2, op2 is 4x1)
octave:72> b=b'
b =

  -1   6   0   9

octave:73> tic, x = A/b; toc
error: operator /: nonconformant arguments (op1 is 2x2, op2 is 1x4)
octave:73> b = [1 2]
b =

   1   2

octave:74> a/b
error: operator /: nonconformant arguments (op1 is 1x4, op2 is 1x2)
octave:74> b =[1 2 3 4]
b =

   1   2   3   4

octave:75> a/b
ans = -0.30000
octave:76> a\b
ans =

   0.055556   0.111111   0.166667   0.222222
  -0.037037  -0.074074  -0.111111  -0.148148
   0.074074   0.148148   0.222222   0.296296
  -0.092593  -0.185185  -0.277778  -0.370370

octave:77> tic, x = A/b; toc
error: operator /: nonconformant arguments (op1 is 2x2, op2 is 1x4)
octave:77> 
octave:77> a/b
ans = -0.30000
octave:78> tic, a/b, toc
ans = -0.30000
Elapsed time is 0.000133991 seconds.
octave:79> tic, a/b; toc
Elapsed time is 7.29561e-05 seconds.
octave:80> a
a =

   3  -2   4  -5

octave:81> b
b =

   1   2   3   4

octave:82> tic, x = a/b; toc
Elapsed time is 0.00261211 seconds.
octave:83> flops(0), x=a/b; flops
error: 'flops' undefined near line 1 column 1
octave:83> flops(0), x=a/b; flops
error: 'flops' undefined near line 1 column 1
octave:83> help flops
error: help: 'flops' not found
octave:83> help flop
error: help: 'flop' not found
octave:83> FLOPS(0), a/b; FLOPS
error: 'FLOPS' undefined near line 1 column 1
octave:83> help FLOPS
error: help: 'FLOPS' not found
octave:83> x = -4:.01:4; y = sin(x); plot(x,y)
octave:84> x
x =

 Columns 1 through 5:

   -4.0000   -3.9900   -3.9800   -3.9700   -3.9600

 Columns 6 through 10:

   -3.9500   -3.9400   -3.9300   -3.9200   -3.9100

 Columns 11 through 15:

   -3.9000   -3.8900   -3.8800   -3.8700   -3.8600

 Columns 16 through 20:

   -3.8500   -3.8400   -3.8300   -3.8200   -3.8100

 Columns 21 through 25:

   -3.8000   -3.7900   -3.7800   -3.7700   -3.7600

 Columns 26 through 30:

   -3.7500   -3.7400   -3.7300   -3.7200   -3.7100

 Columns 31 through 35:

   -3.7000   -3.6900   -3.6800   -3.6700   -3.6600

 Columns 36 through 40:

   -3.6500   -3.6400   -3.6300   -3.6200   -3.6100

 Columns 41 through 45:

   -3.6000   -3.5900   -3.5800   -3.5700   -3.5600

 Columns 46 through 50:

   -3.5500   -3.5400   -3.5300   -3.5200   -3.5100

 Columns 51 through 55:

   -3.5000   -3.4900   -3.4800   -3.4700   -3.4600

 Columns 56 through 60:

   -3.4500   -3.4400   -3.4300   -3.4200   -3.4100

 Columns 61 through 65:

   -3.4000   -3.3900   -3.3800   -3.3700   -3.3600

 Columns 66 through 70:

   -3.3500   -3.3400   -3.3300   -3.3200   -3.3100

 Columns 71 through 75:

   -3.3000   -3.2900   -3.2800   -3.2700   -3.2600

 Columns 76 through 80:

   -3.2500   -3.2400   -3.2300   -3.2200   -3.2100

 Columns 81 through 85:

   -3.2000   -3.1900   -3.1800   -3.1700   -3.1600

 Columns 86 through 90:

   -3.1500   -3.1400   -3.1300   -3.1200   -3.1100

 Columns 91 through 95:

   -3.1000   -3.0900   -3.0800   -3.0700   -3.0600

 Columns 96 through 100:

   -3.0500   -3.0400   -3.0300   -3.0200   -3.0100

 Columns 101 through 105:

   -3.0000   -2.9900   -2.9800   -2.9700   -2.9600

 Columns 106 through 110:

   -2.9500   -2.9400   -2.9300   -2.9200   -2.9100

 Columns 111 through 115:

   -2.9000   -2.8900   -2.8800   -2.8700   -2.8600

 Columns 116 through 120:

   -2.8500   -2.8400   -2.8300   -2.8200   -2.8100

 Columns 121 through 125:

   -2.8000   -2.7900   -2.7800   -2.7700   -2.7600

 Columns 126 through 130:

   -2.7500   -2.7400   -2.7300   -2.7200   -2.7100

 Columns 131 through 135:

   -2.7000   -2.6900   -2.6800   -2.6700   -2.6600

 Columns 136 through 140:

   -2.6500   -2.6400   -2.6300   -2.6200   -2.6100

 Columns 141 through 145:

   -2.6000   -2.5900   -2.5800   -2.5700   -2.5600

 Columns 146 through 150:

   -2.5500   -2.5400   -2.5300   -2.5200   -2.5100

 Columns 151 through 155:

   -2.5000   -2.4900   -2.4800   -2.4700   -2.4600

 Columns 156 through 160:

   -2.4500   -2.4400   -2.4300   -2.4200   -2.4100

 Columns 161 through 165:

   -2.4000   -2.3900   -2.3800   -2.3700   -2.3600

 Columns 166 through 170:

   -2.3500   -2.3400   -2.3300   -2.3200   -2.3100

 Columns 171 through 175:

   -2.3000   -2.2900   -2.2800   -2.2700   -2.2600

 Columns 176 through 180:

   -2.2500   -2.2400   -2.2300   -2.2200   -2.2100

 Columns 181 through 185:

   -2.2000   -2.1900   -2.1800   -2.1700   -2.1600

 Columns 186 through 190:

   -2.1500   -2.1400   -2.1300   -2.1200   -2.1100

 Columns 191 through 195:

   -2.1000   -2.0900   -2.0800   -2.0700   -2.0600

 Columns 196 through 200:

   -2.0500   -2.0400   -2.0300   -2.0200   -2.0100

 Columns 201 through 205:

   -2.0000   -1.9900   -1.9800   -1.9700   -1.9600

 Columns 206 through 210:

   -1.9500   -1.9400   -1.9300   -1.9200   -1.9100

 Columns 211 through 215:

   -1.9000   -1.8900   -1.8800   -1.8700   -1.8600

 Columns 216 through 220:

   -1.8500   -1.8400   -1.8300   -1.8200   -1.8100

 Columns 221 through 225:

   -1.8000   -1.7900   -1.7800   -1.7700   -1.7600

 Columns 226 through 230:

   -1.7500   -1.7400   -1.7300   -1.7200   -1.7100

 Columns 231 through 235:

   -1.7000   -1.6900   -1.6800   -1.6700   -1.6600

 Columns 236 through 240:

   -1.6500   -1.6400   -1.6300   -1.6200   -1.6100

 Columns 241 through 245:

   -1.6000   -1.5900   -1.5800   -1.5700   -1.5600

 Columns 246 through 250:

   -1.5500   -1.5400   -1.5300   -1.5200   -1.5100

 Columns 251 through 255:

   -1.5000   -1.4900   -1.4800   -1.4700   -1.4600

 Columns 256 through 260:

   -1.4500   -1.4400   -1.4300   -1.4200   -1.4100

 Columns 261 through 265:

   -1.4000   -1.3900   -1.3800   -1.3700   -1.3600

 Columns 266 through 270:

   -1.3500   -1.3400   -1.3300   -1.3200   -1.3100

 Columns 271 through 275:

   -1.3000   -1.2900   -1.2800   -1.2700   -1.2600

 Columns 276 through 280:

   -1.2500   -1.2400   -1.2300   -1.2200   -1.2100

 Columns 281 through 285:

   -1.2000   -1.1900   -1.1800   -1.1700   -1.1600

 Columns 286 through 290:

   -1.1500   -1.1400   -1.1300   -1.1200   -1.1100

 Columns 291 through 295:

   -1.1000   -1.0900   -1.0800   -1.0700   -1.0600

 Columns 296 through 300:

   -1.0500   -1.0400   -1.0300   -1.0200   -1.0100

 Columns 301 through 305:

   -1.0000   -0.9900   -0.9800   -0.9700   -0.9600

 Columns 306 through 310:

   -0.9500   -0.9400   -0.9300   -0.9200   -0.9100

 Columns 311 through 315:

   -0.9000   -0.8900   -0.8800   -0.8700   -0.8600

 Columns 316 through 320:

   -0.8500   -0.8400   -0.8300   -0.8200   -0.8100

 Columns 321 through 325:

   -0.8000   -0.7900   -0.7800   -0.7700   -0.7600

 Columns 326 through 330:

   -0.7500   -0.7400   -0.7300   -0.7200   -0.7100

 Columns 331 through 335:

   -0.7000   -0.6900   -0.6800   -0.6700   -0.6600

 Columns 336 through 340:

   -0.6500   -0.6400   -0.6300   -0.6200   -0.6100

 Columns 341 through 345:

   -0.6000   -0.5900   -0.5800   -0.5700   -0.5600

 Columns 346 through 350:

   -0.5500   -0.5400   -0.5300   -0.5200   -0.5100

 Columns 351 through 355:

   -0.5000   -0.4900   -0.4800   -0.4700   -0.4600

 Columns 356 through 360:

   -0.4500   -0.4400   -0.4300   -0.4200   -0.4100

 Columns 361 through 365:

   -0.4000   -0.3900   -0.3800   -0.3700   -0.3600

 Columns 366 through 370:

   -0.3500   -0.3400   -0.3300   -0.3200   -0.3100

 Columns 371 through 375:

   -0.3000   -0.2900   -0.2800   -0.2700   -0.2600

 Columns 376 through 380:

   -0.2500   -0.2400   -0.2300   -0.2200   -0.2100

 Columns 381 through 385:

   -0.2000   -0.1900   -0.1800   -0.1700   -0.1600

 Columns 386 through 390:

   -0.1500   -0.1400   -0.1300   -0.1200   -0.1100

 Columns 391 through 395:

   -0.1000   -0.0900   -0.0800   -0.0700   -0.0600

 Columns 396 through 400:

   -0.0500   -0.0400   -0.0300   -0.0200   -0.0100

 Columns 401 through 405:

    0.0000    0.0100    0.0200    0.0300    0.0400

 Columns 406 through 410:

    0.0500    0.0600    0.0700    0.0800    0.0900

 Columns 411 through 415:

    0.1000    0.1100    0.1200    0.1300    0.1400

 Columns 416 through 420:

    0.1500    0.1600    0.1700    0.1800    0.1900

 Columns 421 through 425:

    0.2000    0.2100    0.2200    0.2300    0.2400

 Columns 426 through 430:

    0.2500    0.2600    0.2700    0.2800    0.2900

 Columns 431 through 435:

    0.3000    0.3100    0.3200    0.3300    0.3400

 Columns 436 through 440:

    0.3500    0.3600    0.3700    0.3800    0.3900

 Columns 441 through 445:

    0.4000    0.4100    0.4200    0.4300    0.4400

 Columns 446 through 450:

    0.4500    0.4600    0.4700    0.4800    0.4900

 Columns 451 through 455:

    0.5000    0.5100    0.5200    0.5300    0.5400

 Columns 456 through 460:

    0.5500    0.5600    0.5700    0.5800    0.5900

 Columns 461 through 465:

    0.6000    0.6100    0.6200    0.6300    0.6400

 Columns 466 through 470:

    0.6500    0.6600    0.6700    0.6800    0.6900

 Columns 471 through 475:

    0.7000    0.7100    0.7200    0.7300    0.7400

 Columns 476 through 480:

    0.7500    0.7600    0.7700    0.7800    0.7900

 Columns 481 through 485:

    0.8000    0.8100    0.8200    0.8300    0.8400

 Columns 486 through 490:

    0.8500    0.8600    0.8700    0.8800    0.8900

 Columns 491 through 495:

    0.9000    0.9100    0.9200    0.9300    0.9400

 Columns 496 through 500:

    0.9500    0.9600    0.9700    0.9800    0.9900

 Columns 501 through 505:

    1.0000    1.0100    1.0200    1.0300    1.0400

 Columns 506 through 510:

    1.0500    1.0600    1.0700    1.0800    1.0900

 Columns 511 through 515:

    1.1000    1.1100    1.1200    1.1300    1.1400

 Columns 516 through 520:

    1.1500    1.1600    1.1700    1.1800    1.1900

 Columns 521 through 525:

    1.2000    1.2100    1.2200    1.2300    1.2400

 Columns 526 through 530:

    1.2500    1.2600    1.2700    1.2800    1.2900

 Columns 531 through 535:

    1.3000    1.3100    1.3200    1.3300    1.3400

 Columns 536 through 540:

    1.3500    1.3600    1.3700    1.3800    1.3900

 Columns 541 through 545:

    1.4000    1.4100    1.4200    1.4300    1.4400

 Columns 546 through 550:

    1.4500    1.4600    1.4700    1.4800    1.4900

 Columns 551 through 555:

    1.5000    1.5100    1.5200    1.5300    1.5400

 Columns 556 through 560:

    1.5500    1.5600    1.5700    1.5800    1.5900

 Columns 561 through 565:

    1.6000    1.6100    1.6200    1.6300    1.6400

 Columns 566 through 570:

    1.6500    1.6600    1.6700    1.6800    1.6900

 Columns 571 through 575:

    1.7000    1.7100    1.7200    1.7300    1.7400

 Columns 576 through 580:

    1.7500    1.7600    1.7700    1.7800    1.7900

 Columns 581 through 585:

    1.8000    1.8100    1.8200    1.8300    1.8400

 Columns 586 through 590:

    1.8500    1.8600    1.8700    1.8800    1.8900

 Columns 591 through 595:

    1.9000    1.9100    1.9200    1.9300    1.9400

 Columns 596 through 600:

    1.9500    1.9600    1.9700    1.9800    1.9900

 Columns 601 through 605:

    2.0000    2.0100    2.0200    2.0300    2.0400

 Columns 606 through 610:

    2.0500    2.0600    2.0700    2.0800    2.0900

 Columns 611 through 615:

    2.1000    2.1100    2.1200    2.1300    2.1400

 Columns 616 through 620:

    2.1500    2.1600    2.1700    2.1800    2.1900

 Columns 621 through 625:

    2.2000    2.2100    2.2200    2.2300    2.2400

 Columns 626 through 630:

    2.2500    2.2600    2.2700    2.2800    2.2900

 Columns 631 through 635:

    2.3000    2.3100    2.3200    2.3300    2.3400

 Columns 636 through 640:

    2.3500    2.3600    2.3700    2.3800    2.3900

 Columns 641 through 645:

    2.4000    2.4100    2.4200    2.4300    2.4400

 Columns 646 through 650:

    2.4500    2.4600    2.4700    2.4800    2.4900

 Columns 651 through 655:

    2.5000    2.5100    2.5200    2.5300    2.5400

 Columns 656 through 660:

    2.5500    2.5600    2.5700    2.5800    2.5900

 Columns 661 through 665:

    2.6000    2.6100    2.6200    2.6300    2.6400

 Columns 666 through 670:

    2.6500    2.6600    2.6700    2.6800    2.6900

 Columns 671 through 675:

    2.7000    2.7100    2.7200    2.7300    2.7400

 Columns 676 through 680:

    2.7500    2.7600    2.7700    2.7800    2.7900

 Columns 681 through 685:

    2.8000    2.8100    2.8200    2.8300    2.8400

 Columns 686 through 690:

    2.8500    2.8600    2.8700    2.8800    2.8900

 Columns 691 through 695:

    2.9000    2.9100    2.9200    2.9300    2.9400

 Columns 696 through 700:

    2.9500    2.9600    2.9700    2.9800    2.9900

 Columns 701 through 705:

    3.0000    3.0100    3.0200    3.0300    3.0400

 Columns 706 through 710:

    3.0500    3.0600    3.0700    3.0800    3.0900

 Columns 711 through 715:

    3.1000    3.1100    3.1200    3.1300    3.1400

 Columns 716 through 720:

    3.1500    3.1600    3.1700    3.1800    3.1900

 Columns 721 through 725:

    3.2000    3.2100    3.2200    3.2300    3.2400

 Columns 726 through 730:

    3.2500    3.2600    3.2700    3.2800    3.2900

 Columns 731 through 735:

    3.3000    3.3100    3.3200    3.3300    3.3400

 Columns 736 through 740:

    3.3500    3.3600    3.3700    3.3800    3.3900

 Columns 741 through 745:

    3.4000    3.4100    3.4200    3.4300    3.4400

 Columns 746 through 750:

    3.4500    3.4600    3.4700    3.4800    3.4900

 Columns 751 through 755:

    3.5000    3.5100    3.5200    3.5300    3.5400

 Columns 756 through 760:

    3.5500    3.5600    3.5700    3.5800    3.5900

 Columns 761 through 765:

    3.6000    3.6100    3.6200    3.6300    3.6400

 Columns 766 through 770:

    3.6500    3.6600    3.6700    3.6800    3.6900

 Columns 771 through 775:

    3.7000    3.7100    3.7200    3.7300    3.7400

 Columns 776 through 780:

    3.7500    3.7600    3.7700    3.7800    3.7900

 Columns 781 through 785:

    3.8000    3.8100    3.8200    3.8300    3.8400

 Columns 786 through 790:

    3.8500    3.8600    3.8700    3.8800    3.8900

 Columns 791 through 795:

    3.9000    3.9100    3.9200    3.9300    3.9400

 Columns 796 through 800:

    3.9500    3.9600    3.9700    3.9800    3.9900

 Column 801:

    4.0000

octave:85> x=x'
x =

  -4.00000
  -3.99000
  -3.98000
  -3.97000
  -3.96000
  -3.95000
  -3.94000
  -3.93000
  -3.92000
  -3.91000
  -3.90000
  -3.89000
  -3.88000
  -3.87000
  -3.86000
  -3.85000
  -3.84000
  -3.83000
  -3.82000
  -3.81000
  -3.80000
  -3.79000
  -3.78000
  -3.77000
  -3.76000
  -3.75000
  -3.74000
  -3.73000
  -3.72000
  -3.71000
  -3.70000
  -3.69000
  -3.68000
  -3.67000
  -3.66000
  -3.65000
  -3.64000
  -3.63000
  -3.62000
  -3.61000
  -3.60000
  -3.59000
  -3.58000
  -3.57000
  -3.56000
  -3.55000
  -3.54000
  -3.53000
  -3.52000
  -3.51000
  -3.50000
  -3.49000
  -3.48000
  -3.47000
  -3.46000
  -3.45000
  -3.44000
  -3.43000
  -3.42000
  -3.41000
  -3.40000
  -3.39000
  -3.38000
  -3.37000
  -3.36000
  -3.35000
  -3.34000
  -3.33000
  -3.32000
  -3.31000
  -3.30000
  -3.29000
  -3.28000
  -3.27000
  -3.26000
  -3.25000
  -3.24000
  -3.23000
  -3.22000
  -3.21000
  -3.20000
  -3.19000
  -3.18000
  -3.17000
  -3.16000
  -3.15000
  -3.14000
  -3.13000
  -3.12000
  -3.11000
  -3.10000
  -3.09000
  -3.08000
  -3.07000
  -3.06000
  -3.05000
  -3.04000
  -3.03000
  -3.02000
  -3.01000
  -3.00000
  -2.99000
  -2.98000
  -2.97000
  -2.96000
  -2.95000
  -2.94000
  -2.93000
  -2.92000
  -2.91000
  -2.90000
  -2.89000
  -2.88000
  -2.87000
  -2.86000
  -2.85000
  -2.84000
  -2.83000
  -2.82000
  -2.81000
  -2.80000
  -2.79000
  -2.78000
  -2.77000
  -2.76000
  -2.75000
  -2.74000
  -2.73000
  -2.72000
  -2.71000
  -2.70000
  -2.69000
  -2.68000
  -2.67000
  -2.66000
  -2.65000
  -2.64000
  -2.63000
  -2.62000
  -2.61000
  -2.60000
  -2.59000
  -2.58000
  -2.57000
  -2.56000
  -2.55000
  -2.54000
  -2.53000
  -2.52000
  -2.51000
  -2.50000
  -2.49000
  -2.48000
  -2.47000
  -2.46000
  -2.45000
  -2.44000
  -2.43000
  -2.42000
  -2.41000
  -2.40000
  -2.39000
  -2.38000
  -2.37000
  -2.36000
  -2.35000
  -2.34000
  -2.33000
  -2.32000
  -2.31000
  -2.30000
  -2.29000
  -2.28000
  -2.27000
  -2.26000
  -2.25000
  -2.24000
  -2.23000
  -2.22000
  -2.21000
  -2.20000
  -2.19000
  -2.18000
  -2.17000
  -2.16000
  -2.15000
  -2.14000
  -2.13000
  -2.12000
  -2.11000
  -2.10000
  -2.09000
  -2.08000
  -2.07000
  -2.06000
  -2.05000
  -2.04000
  -2.03000
  -2.02000
  -2.01000
  -2.00000
  -1.99000
  -1.98000
  -1.97000
  -1.96000
  -1.95000
  -1.94000
  -1.93000
  -1.92000
  -1.91000
  -1.90000
  -1.89000
  -1.88000
  -1.87000
  -1.86000
  -1.85000
  -1.84000
  -1.83000
  -1.82000
  -1.81000
  -1.80000
  -1.79000
  -1.78000
  -1.77000
  -1.76000
  -1.75000
  -1.74000
  -1.73000
  -1.72000
  -1.71000
  -1.70000
  -1.69000
  -1.68000
  -1.67000
  -1.66000
  -1.65000
  -1.64000
  -1.63000
  -1.62000
  -1.61000
  -1.60000
  -1.59000
  -1.58000
  -1.57000
  -1.56000
  -1.55000
  -1.54000
  -1.53000
  -1.52000
  -1.51000
  -1.50000
  -1.49000
  -1.48000
  -1.47000
  -1.46000
  -1.45000
  -1.44000
  -1.43000
  -1.42000
  -1.41000
  -1.40000
  -1.39000
  -1.38000
  -1.37000
  -1.36000
  -1.35000
  -1.34000
  -1.33000
  -1.32000
  -1.31000
  -1.30000
  -1.29000
  -1.28000
  -1.27000
  -1.26000
  -1.25000
  -1.24000
  -1.23000
  -1.22000
  -1.21000
  -1.20000
  -1.19000
  -1.18000
  -1.17000
  -1.16000
  -1.15000
  -1.14000
  -1.13000
  -1.12000
  -1.11000
  -1.10000
  -1.09000
  -1.08000
  -1.07000
  -1.06000
  -1.05000
  -1.04000
  -1.03000
  -1.02000
  -1.01000
  -1.00000
  -0.99000
  -0.98000
  -0.97000
  -0.96000
  -0.95000
  -0.94000
  -0.93000
  -0.92000
  -0.91000
  -0.90000
  -0.89000
  -0.88000
  -0.87000
  -0.86000
  -0.85000
  -0.84000
  -0.83000
  -0.82000
  -0.81000
  -0.80000
  -0.79000
  -0.78000
  -0.77000
  -0.76000
  -0.75000
  -0.74000
  -0.73000
  -0.72000
  -0.71000
  -0.70000
  -0.69000
  -0.68000
  -0.67000
  -0.66000
  -0.65000
  -0.64000
  -0.63000
  -0.62000
  -0.61000
  -0.60000
  -0.59000
  -0.58000
  -0.57000
  -0.56000
  -0.55000
  -0.54000
  -0.53000
  -0.52000
  -0.51000
  -0.50000
  -0.49000
  -0.48000
  -0.47000
  -0.46000
  -0.45000
  -0.44000
  -0.43000
  -0.42000
  -0.41000
  -0.40000
  -0.39000
  -0.38000
  -0.37000
  -0.36000
  -0.35000
  -0.34000
  -0.33000
  -0.32000
  -0.31000
  -0.30000
  -0.29000
  -0.28000
  -0.27000
  -0.26000
  -0.25000
  -0.24000
  -0.23000
  -0.22000
  -0.21000
  -0.20000
  -0.19000
  -0.18000
  -0.17000
  -0.16000
  -0.15000
  -0.14000
  -0.13000
  -0.12000
  -0.11000
  -0.10000
  -0.09000
  -0.08000
  -0.07000
  -0.06000
  -0.05000
  -0.04000
  -0.03000
  -0.02000
  -0.01000
   0.00000
   0.01000
   0.02000
   0.03000
   0.04000
   0.05000
   0.06000
   0.07000
   0.08000
   0.09000
   0.10000
   0.11000
   0.12000
   0.13000
   0.14000
   0.15000
   0.16000
   0.17000
   0.18000
   0.19000
   0.20000
   0.21000
   0.22000
   0.23000
   0.24000
   0.25000
   0.26000
   0.27000
   0.28000
   0.29000
   0.30000
   0.31000
   0.32000
   0.33000
   0.34000
   0.35000
   0.36000
   0.37000
   0.38000
   0.39000
   0.40000
   0.41000
   0.42000
   0.43000
   0.44000
   0.45000
   0.46000
   0.47000
   0.48000
   0.49000
   0.50000
   0.51000
   0.52000
   0.53000
   0.54000
   0.55000
   0.56000
   0.57000
   0.58000
   0.59000
   0.60000
   0.61000
   0.62000
   0.63000
   0.64000
   0.65000
   0.66000
   0.67000
   0.68000
   0.69000
   0.70000
   0.71000
   0.72000
   0.73000
   0.74000
   0.75000
   0.76000
   0.77000
   0.78000
   0.79000
   0.80000
   0.81000
   0.82000
   0.83000
   0.84000
   0.85000
   0.86000
   0.87000
   0.88000
   0.89000
   0.90000
   0.91000
   0.92000
   0.93000
   0.94000
   0.95000
   0.96000
   0.97000
   0.98000
   0.99000
   1.00000
   1.01000
   1.02000
   1.03000
   1.04000
   1.05000
   1.06000
   1.07000
   1.08000
   1.09000
   1.10000
   1.11000
   1.12000
   1.13000
   1.14000
   1.15000
   1.16000
   1.17000
   1.18000
   1.19000
   1.20000
   1.21000
   1.22000
   1.23000
   1.24000
   1.25000
   1.26000
   1.27000
   1.28000
   1.29000
   1.30000
   1.31000
   1.32000
   1.33000
   1.34000
   1.35000
   1.36000
   1.37000
   1.38000
   1.39000
   1.40000
   1.41000
   1.42000
   1.43000
   1.44000
   1.45000
   1.46000
   1.47000
   1.48000
   1.49000
   1.50000
   1.51000
   1.52000
   1.53000
   1.54000
   1.55000
   1.56000
   1.57000
   1.58000
   1.59000
   1.60000
   1.61000
   1.62000
   1.63000
   1.64000
   1.65000
   1.66000
   1.67000
   1.68000
   1.69000
   1.70000
   1.71000
   1.72000
   1.73000
   1.74000
   1.75000
   1.76000
   1.77000
   1.78000
   1.79000
   1.80000
   1.81000
   1.82000
   1.83000
   1.84000
   1.85000
   1.86000
   1.87000
   1.88000
   1.89000
   1.90000
   1.91000
   1.92000
   1.93000
   1.94000
   1.95000
   1.96000
   1.97000
   1.98000
   1.99000
   2.00000
   2.01000
   2.02000
   2.03000
   2.04000
   2.05000
   2.06000
   2.07000
   2.08000
   2.09000
   2.10000
   2.11000
   2.12000
   2.13000
   2.14000
   2.15000
   2.16000
   2.17000
   2.18000
   2.19000
   2.20000
   2.21000
   2.22000
   2.23000
   2.24000
   2.25000
   2.26000
   2.27000
   2.28000
   2.29000
   2.30000
   2.31000
   2.32000
   2.33000
   2.34000
   2.35000
   2.36000
   2.37000
   2.38000
   2.39000
   2.40000
   2.41000
   2.42000
   2.43000
   2.44000
   2.45000
   2.46000
   2.47000
   2.48000
   2.49000
   2.50000
   2.51000
   2.52000
   2.53000
   2.54000
   2.55000
   2.56000
   2.57000
   2.58000
   2.59000
   2.60000
   2.61000
   2.62000
   2.63000
   2.64000
   2.65000
   2.66000
   2.67000
   2.68000
   2.69000
   2.70000
   2.71000
   2.72000
   2.73000
   2.74000
   2.75000
   2.76000
   2.77000
   2.78000
   2.79000
   2.80000
   2.81000
   2.82000
   2.83000
   2.84000
   2.85000
   2.86000
   2.87000
   2.88000
   2.89000
   2.90000
   2.91000
   2.92000
   2.93000
   2.94000
   2.95000
   2.96000
   2.97000
   2.98000
   2.99000
   3.00000
   3.01000
   3.02000
   3.03000
   3.04000
   3.05000
   3.06000
   3.07000
   3.08000
   3.09000
   3.10000
   3.11000
   3.12000
   3.13000
   3.14000
   3.15000
   3.16000
   3.17000
   3.18000
   3.19000
   3.20000
   3.21000
   3.22000
   3.23000
   3.24000
   3.25000
   3.26000
   3.27000
   3.28000
   3.29000
   3.30000
   3.31000
   3.32000
   3.33000
   3.34000
   3.35000
   3.36000
   3.37000
   3.38000
   3.39000
   3.40000
   3.41000
   3.42000
   3.43000
   3.44000
   3.45000
   3.46000
   3.47000
   3.48000
   3.49000
   3.50000
   3.51000
   3.52000
   3.53000
   3.54000
   3.55000
   3.56000
   3.57000
   3.58000
   3.59000
   3.60000
   3.61000
   3.62000
   3.63000
   3.64000
   3.65000
   3.66000
   3.67000
   3.68000
   3.69000
   3.70000
   3.71000
   3.72000
   3.73000
   3.74000
   3.75000
   3.76000
   3.77000
   3.78000
   3.79000
   3.80000
   3.81000
   3.82000
   3.83000
   3.84000
   3.85000
   3.86000
   3.87000
   3.88000
   3.89000
   3.90000
   3.91000
   3.92000
   3.93000
   3.94000
   3.95000
   3.96000
   3.97000
   3.98000
   3.99000
   4.00000

octave:86> y=sin(x); plot(x,y)
octave:87> x = -4:.01:4; y = sin(x); plot(x,y)
octave:88> gcf
ans =  1
octave:89> demo
error: Invalid call to demo.  Correct usage is:

 -- Command:  demo NAME
 -- Command:  demo NAME N
 -- Function File:  demo ("NAME")
 -- Function File:  demo ("NAME", N)


Additional help for built-in functions and operators is
available in the online version of the manual.  Use the command
'doc <topic>' to search the manual index.

Help and information about Octave is also available on the WWW
at http://www.octave.org and via the help@octave.org
mailing list.
octave:89> demo plot
plot example 1:
 x = 1:5;  y = 1:5;
 plot (x,y,'g');
 title ('plot() of green line at 45 degrees');

Press <enter> to continue: 
plot example 2:
 x = 1:5;  y = 1:5;
 plot (x,y,'g*');
 title ('plot() of green stars along a line at 45 degrees');

Press <enter> to continue: 
plot example 3:
 x1 = 1:5;  y1 = 1:5;
 x2 = 5:9; y2 = 5:-1:1;
 plot (x1,y1,'bo-', x2,y2,'rs-');
 axis ('tight');
 title ({'plot() of blue circles ascending and red squares descending';
         'connecting lines drawn'}); 

Press <enter> to continue: q
plot example 4:
 x = 0:10;
 plot (x, rand (numel (x), 3))
 axis ([0 10 0 1])
 title ({'Three random variables', 'x[1x11], y[11x3]'})

Press <enter> to continue: q\
plot example 5:
 x = 0:10;
 plot (x, rand (3, numel (x)))
 axis ([0 10 0 1])
 title ({'Three random variables', 'x[1x11], y[3x11]'})

Press <enter> to continue: q
plot example 6:
 x = 0:10;
 plot (repmat (x, 2, 1), rand (2, numel (x)), '-s')
 axis ([0 10 0 1])
 title ({'Vertical lines with random height and lengths', ...
         'x[2x11], y[2,11]'})

Press <enter> to continue: q
plot example 7:
 x = 0:10;
 plot (repmat (x(:), 1, 2), rand (numel (x), 2))
 axis ([0 10 0 1])
 title ({'Two random variables', 'x[11x2], y[11x2]'})

Press <enter> to continue: 
octave:89> function y = expnormal(x); y = exp(-x.b 2);
parse error:

  syntax error

>>> function y = expnormal(x); y = exp(-x.b 2);
                                            ^

octave:89> function y = expnormal(x)
> y = exp(-x.b 2);
parse error:

  syntax error

>>> y = exp(-x.b 2);
                 ^

octave:89> function y = expnormal(x);
> y = exp(-x.b^2);
> fplot('expnormal',[-1.5,1.5]
> q
parse error:

  syntax error

>>> q
    ^

octave:89> plot(x=1:0.1:5,y=x.^2)
octave:90> plot(x=1:0.1:5,y=x.^2, 'r*--')
octave:91> plot(x=1:0.1:5,y=x.^2, 'r*--2')
octave:92> plot(x=1:0.1:5,y=x.^2, 'r*--1')
octave:93> mesh(eye(10))
octave:94> surf(eye(10))
octave:95> t=.01:.01:20*pi; x=cos(t); y=sin(t); z=t.b 3; plot3(x,y,z)
parse error:

  syntax error

>>> t=.01:.01:20*pi; x=cos(t); y=sin(t); z=t.b 3; plot3(x,y,z)
                                               ^

octave:95> t=.01:.01:20*pi; x=cos(t); y=sin(t); z=t^ 3; plot3(x,y,z)
error: for A^b, A must be a square matrix. Use .^ for elementwise power.
octave:95> t=.01:.01:20*pi; x=cos(t); y=sin(t); z=t^ 3; plot3(x,y,z[A
parse error:

  syntax error

>>> t=.01:.01:20*pi; x=cos(t); y=sin(t); z=t^ 3; plot3(x,y,z[A
                                                            ^

octave:95> t=.01:0.1:20*pi
t =

 Columns 1 through 3:

    1.0000e-02    1.1000e-01    2.1000e-01

 Columns 4 through 6:

    3.1000e-01    4.1000e-01    5.1000e-01

 Columns 7 through 9:

    6.1000e-01    7.1000e-01    8.1000e-01

 Columns 10 through 12:

    9.1000e-01    1.0100e+00    1.1100e+00

 Columns 13 through 15:

    1.2100e+00    1.3100e+00    1.4100e+00

 Columns 16 through 18:

    1.5100e+00    1.6100e+00    1.7100e+00

 Columns 19 through 21:

    1.8100e+00    1.9100e+00    2.0100e+00

 Columns 22 through 24:

    2.1100e+00    2.2100e+00    2.3100e+00

 Columns 25 through 27:

    2.4100e+00    2.5100e+00    2.6100e+00

 Columns 28 through 30:

    2.7100e+00    2.8100e+00    2.9100e+00

 Columns 31 through 33:

    3.0100e+00    3.1100e+00    3.2100e+00

 Columns 34 through 36:

    3.3100e+00    3.4100e+00    3.5100e+00

 Columns 37 through 39:

    3.6100e+00    3.7100e+00    3.8100e+00

 Columns 40 through 42:

    3.9100e+00    4.0100e+00    4.1100e+00

 Columns 43 through 45:

    4.2100e+00    4.3100e+00    4.4100e+00

 Columns 46 through 48:

    4.5100e+00    4.6100e+00    4.7100e+00

 Columns 49 through 51:

    4.8100e+00    4.9100e+00    5.0100e+00

 Columns 52 through 54:

    5.1100e+00    5.2100e+00    5.3100e+00

 Columns 55 through 57:

    5.4100e+00    5.5100e+00    5.6100e+00

 Columns 58 through 60:

    5.7100e+00    5.8100e+00    5.9100e+00

 Columns 61 through 63:

    6.0100e+00    6.1100e+00    6.2100e+00

 Columns 64 through 66:

    6.3100e+00    6.4100e+00    6.5100e+00

 Columns 67 through 69:

    6.6100e+00    6.7100e+00    6.8100e+00

 Columns 70 through 72:

    6.9100e+00    7.0100e+00    7.1100e+00

 Columns 73 through 75:

    7.2100e+00    7.3100e+00    7.4100e+00

 Columns 76 through 78:

    7.5100e+00    7.6100e+00    7.7100e+00

 Columns 79 through 81:

    7.8100e+00    7.9100e+00    8.0100e+00

 Columns 82 through 84:

    8.1100e+00    8.2100e+00    8.3100e+00

 Columns 85 through 87:

    8.4100e+00    8.5100e+00    8.6100e+00

 Columns 88 through 90:

    8.7100e+00    8.8100e+00    8.9100e+00

 Columns 91 through 93:

    9.0100e+00    9.1100e+00    9.2100e+00

 Columns 94 through 96:

    9.3100e+00    9.4100e+00    9.5100e+00

 Columns 97 through 99:

    9.6100e+00    9.7100e+00    9.8100e+00

 Columns 100 through 102:

    9.9100e+00    1.0010e+01    1.0110e+01

 Columns 103 through 105:

    1.0210e+01    1.0310e+01    1.0410e+01

 Columns 106 through 108:

    1.0510e+01    1.0610e+01    1.0710e+01

 Columns 109 through 111:

    1.0810e+01    1.0910e+01    1.1010e+01

 Columns 112 through 114:

    1.1110e+01    1.1210e+01    1.1310e+01

 Columns 115 through 117:

    1.1410e+01    1.1510e+01    1.1610e+01

 Columns 118 through 120:

    1.1710e+01    1.1810e+01    1.1910e+01

 Columns 121 through 123:

    1.2010e+01    1.2110e+01    1.2210e+01

 Columns 124 through 126:

    1.2310e+01    1.2410e+01    1.2510e+01

 Columns 127 through 129:

    1.2610e+01    1.2710e+01    1.2810e+01

 Columns 130 through 132:

    1.2910e+01    1.3010e+01    1.3110e+01

 Columns 133 through 135:

    1.3210e+01    1.3310e+01    1.3410e+01

 Columns 136 through 138:

    1.3510e+01    1.3610e+01    1.3710e+01

 Columns 139 through 141:

    1.3810e+01    1.3910e+01    1.4010e+01

 Columns 142 through 144:

    1.4110e+01    1.4210e+01    1.4310e+01

 Columns 145 through 147:

    1.4410e+01    1.4510e+01    1.4610e+01

 Columns 148 through 150:

    1.4710e+01    1.4810e+01    1.4910e+01

 Columns 151 through 153:

    1.5010e+01    1.5110e+01    1.5210e+01

 Columns 154 through 156:

    1.5310e+01    1.5410e+01    1.5510e+01

 Columns 157 through 159:

    1.5610e+01    1.5710e+01    1.5810e+01

 Columns 160 through 162:

    1.5910e+01    1.6010e+01    1.6110e+01

 Columns 163 through 165:

    1.6210e+01    1.6310e+01    1.6410e+01

 Columns 166 through 168:

    1.6510e+01    1.6610e+01    1.6710e+01

 Columns 169 through 171:

    1.6810e+01    1.6910e+01    1.7010e+01

 Columns 172 through 174:

    1.7110e+01    1.7210e+01    1.7310e+01

 Columns 175 through 177:

    1.7410e+01    1.7510e+01    1.7610e+01

 Columns 178 through 180:

    1.7710e+01    1.7810e+01    1.7910e+01

 Columns 181 through 183:

    1.8010e+01    1.8110e+01    1.8210e+01

 Columns 184 through 186:

    1.8310e+01    1.8410e+01    1.8510e+01

 Columns 187 through 189:

    1.8610e+01    1.8710e+01    1.8810e+01

 Columns 190 through 192:

    1.8910e+01    1.9010e+01    1.9110e+01

 Columns 193 through 195:

    1.9210e+01    1.9310e+01    1.9410e+01

 Columns 196 through 198:

    1.9510e+01    1.9610e+01    1.9710e+01

 Columns 199 through 201:

    1.9810e+01    1.9910e+01    2.0010e+01

 Columns 202 through 204:

    2.0110e+01    2.0210e+01    2.0310e+01

 Columns 205 through 207:

    2.0410e+01    2.0510e+01    2.0610e+01

 Columns 208 through 210:

    2.0710e+01    2.0810e+01    2.0910e+01

 Columns 211 through 213:

    2.1010e+01    2.1110e+01    2.1210e+01

 Columns 214 through 216:

    2.1310e+01    2.1410e+01    2.1510e+01

 Columns 217 through 219:

    2.1610e+01    2.1710e+01    2.1810e+01

 Columns 220 through 222:

    2.1910e+01    2.2010e+01    2.2110e+01

 Columns 223 through 225:

    2.2210e+01    2.2310e+01    2.2410e+01

 Columns 226 through 228:

    2.2510e+01    2.2610e+01    2.2710e+01

 Columns 229 through 231:

    2.2810e+01    2.2910e+01    2.3010e+01

 Columns 232 through 234:

    2.3110e+01    2.3210e+01    2.3310e+01

 Columns 235 through 237:

    2.3410e+01    2.3510e+01    2.3610e+01

 Columns 238 through 240:

    2.3710e+01    2.3810e+01    2.3910e+01

 Columns 241 through 243:

    2.4010e+01    2.4110e+01    2.4210e+01

 Columns 244 through 246:

    2.4310e+01    2.4410e+01    2.4510e+01

 Columns 247 through 249:

    2.4610e+01    2.4710e+01    2.4810e+01

 Columns 250 through 252:

    2.4910e+01    2.5010e+01    2.5110e+01

 Columns 253 through 255:

    2.5210e+01    2.5310e+01    2.5410e+01

 Columns 256 through 258:

    2.5510e+01    2.5610e+01    2.5710e+01

 Columns 259 through 261:

    2.5810e+01    2.5910e+01    2.6010e+01

 Columns 262 through 264:

    2.6110e+01    2.6210e+01    2.6310e+01

 Columns 265 through 267:

    2.6410e+01    2.6510e+01    2.6610e+01

 Columns 268 through 270:

    2.6710e+01    2.6810e+01    2.6910e+01

 Columns 271 through 273:

    2.7010e+01    2.7110e+01    2.7210e+01

 Columns 274 through 276:

    2.7310e+01    2.7410e+01    2.7510e+01

 Columns 277 through 279:

    2.7610e+01    2.7710e+01    2.7810e+01

 Columns 280 through 282:

    2.7910e+01    2.8010e+01    2.8110e+01

 Columns 283 through 285:

    2.8210e+01    2.8310e+01    2.8410e+01

 Columns 286 through 288:

    2.8510e+01    2.8610e+01    2.8710e+01

 Columns 289 through 291:

    2.8810e+01    2.8910e+01    2.9010e+01

 Columns 292 through 294:

    2.9110e+01    2.9210e+01    2.9310e+01

 Columns 295 through 297:

    2.9410e+01    2.9510e+01    2.9610e+01

 Columns 298 through 300:

    2.9710e+01    2.9810e+01    2.9910e+01

 Columns 301 through 303:

    3.0010e+01    3.0110e+01    3.0210e+01

 Columns 304 through 306:

    3.0310e+01    3.0410e+01    3.0510e+01

 Columns 307 through 309:

    3.0610e+01    3.0710e+01    3.0810e+01

 Columns 310 through 312:

    3.0910e+01    3.1010e+01    3.1110e+01

 Columns 313 through 315:

    3.1210e+01    3.1310e+01    3.1410e+01

 Columns 316 through 318:

    3.1510e+01    3.1610e+01    3.1710e+01

 Columns 319 through 321:

    3.1810e+01    3.1910e+01    3.2010e+01

 Columns 322 through 324:

    3.2110e+01    3.2210e+01    3.2310e+01

 Columns 325 through 327:

    3.2410e+01    3.2510e+01    3.2610e+01

 Columns 328 through 330:

    3.2710e+01    3.2810e+01    3.2910e+01

 Columns 331 through 333:

    3.3010e+01    3.3110e+01    3.3210e+01

 Columns 334 through 336:

    3.3310e+01    3.3410e+01    3.3510e+01

 Columns 337 through 339:

    3.3610e+01    3.3710e+01    3.3810e+01

 Columns 340 through 342:

    3.3910e+01    3.4010e+01    3.4110e+01

 Columns 343 through 345:

    3.4210e+01    3.4310e+01    3.4410e+01

 Columns 346 through 348:

    3.4510e+01    3.4610e+01    3.4710e+01

 Columns 349 through 351:

    3.4810e+01    3.4910e+01    3.5010e+01

 Columns 352 through 354:

    3.5110e+01    3.5210e+01    3.5310e+01

 Columns 355 through 357:

    3.5410e+01    3.5510e+01    3.5610e+01

 Columns 358 through 360:

    3.5710e+01    3.5810e+01    3.5910e+01

 Columns 361 through 363:

    3.6010e+01    3.6110e+01    3.6210e+01

 Columns 364 through 366:

    3.6310e+01    3.6410e+01    3.6510e+01

 Columns 367 through 369:

    3.6610e+01    3.6710e+01    3.6810e+01

 Columns 370 through 372:

    3.6910e+01    3.7010e+01    3.7110e+01

 Columns 373 through 375:

    3.7210e+01    3.7310e+01    3.7410e+01

 Columns 376 through 378:

    3.7510e+01    3.7610e+01    3.7710e+01

 Columns 379 through 381:

    3.7810e+01    3.7910e+01    3.8010e+01

 Columns 382 through 384:

    3.8110e+01    3.8210e+01    3.8310e+01

 Columns 385 through 387:

    3.8410e+01    3.8510e+01    3.8610e+01

 Columns 388 through 390:

    3.8710e+01    3.8810e+01    3.8910e+01

 Columns 391 through 393:

    3.9010e+01    3.9110e+01    3.9210e+01

 Columns 394 through 396:

    3.9310e+01    3.9410e+01    3.9510e+01

 Columns 397 through 399:

    3.9610e+01    3.9710e+01    3.9810e+01

 Columns 400 through 402:

    3.9910e+01    4.0010e+01    4.0110e+01

 Columns 403 through 405:

    4.0210e+01    4.0310e+01    4.0410e+01

 Columns 406 through 408:

    4.0510e+01    4.0610e+01    4.0710e+01

 Columns 409 through 411:

    4.0810e+01    4.0910e+01    4.1010e+01

 Columns 412 through 414:

    4.1110e+01    4.1210e+01    4.1310e+01

 Columns 415 through 417:

    4.1410e+01    4.1510e+01    4.1610e+01

 Columns 418 through 420:

    4.1710e+01    4.1810e+01    4.1910e+01

 Columns 421 through 423:

    4.2010e+01    4.2110e+01    4.2210e+01

 Columns 424 through 426:

    4.2310e+01    4.2410e+01    4.2510e+01

 Columns 427 through 429:

    4.2610e+01    4.2710e+01    4.2810e+01

 Columns 430 through 432:

    4.2910e+01    4.3010e+01    4.3110e+01

 Columns 433 through 435:

    4.3210e+01    4.3310e+01    4.3410e+01

 Columns 436 through 438:

    4.3510e+01    4.3610e+01    4.3710e+01

 Columns 439 through 441:

    4.3810e+01    4.3910e+01    4.4010e+01

 Columns 442 through 444:

    4.4110e+01    4.4210e+01    4.4310e+01

 Columns 445 through 447:

    4.4410e+01    4.4510e+01    4.4610e+01

 Columns 448 through 450:

    4.4710e+01    4.4810e+01    4.4910e+01

 Columns 451 through 453:

    4.5010e+01    4.5110e+01    4.5210e+01

 Columns 454 through 456:

    4.5310e+01    4.5410e+01    4.5510e+01

 Columns 457 through 459:

    4.5610e+01    4.5710e+01    4.5810e+01

 Columns 460 through 462:

    4.5910e+01    4.6010e+01    4.6110e+01

 Columns 463 through 465:

    4.6210e+01    4.6310e+01    4.6410e+01

 Columns 466 through 468:

    4.6510e+01    4.6610e+01    4.6710e+01

 Columns 469 through 471:

    4.6810e+01    4.6910e+01    4.7010e+01

 Columns 472 through 474:

    4.7110e+01    4.7210e+01    4.7310e+01

 Columns 475 through 477:

    4.7410e+01    4.7510e+01    4.7610e+01

 Columns 478 through 480:

    4.7710e+01    4.7810e+01    4.7910e+01

 Columns 481 through 483:

    4.8010e+01    4.8110e+01    4.8210e+01

 Columns 484 through 486:

    4.8310e+01    4.8410e+01    4.8510e+01

 Columns 487 through 489:

    4.8610e+01    4.8710e+01    4.8810e+01

 Columns 490 through 492:

    4.8910e+01    4.9010e+01    4.9110e+01

 Columns 493 through 495:

    4.9210e+01    4.9310e+01    4.9410e+01

 Columns 496 through 498:

    4.9510e+01    4.9610e+01    4.9710e+01

 Columns 499 through 501:

    4.9810e+01    4.9910e+01    5.0010e+01

 Columns 502 through 504:

    5.0110e+01    5.0210e+01    5.0310e+01

 Columns 505 through 507:

    5.0410e+01    5.0510e+01    5.0610e+01

 Columns 508 through 510:

    5.0710e+01    5.0810e+01    5.0910e+01

 Columns 511 through 513:

    5.1010e+01    5.1110e+01    5.1210e+01

 Columns 514 through 516:

    5.1310e+01    5.1410e+01    5.1510e+01

 Columns 517 through 519:

    5.1610e+01    5.1710e+01    5.1810e+01

 Columns 520 through 522:

    5.1910e+01    5.2010e+01    5.2110e+01

 Columns 523 through 525:

    5.2210e+01    5.2310e+01    5.2410e+01

 Columns 526 through 528:

    5.2510e+01    5.2610e+01    5.2710e+01

 Columns 529 through 531:

    5.2810e+01    5.2910e+01    5.3010e+01

 Columns 532 through 534:

    5.3110e+01    5.3210e+01    5.3310e+01

 Columns 535 through 537:

    5.3410e+01    5.3510e+01    5.3610e+01

 Columns 538 through 540:

    5.3710e+01    5.3810e+01    5.3910e+01

 Columns 541 through 543:

    5.4010e+01    5.4110e+01    5.4210e+01

 Columns 544 through 546:

    5.4310e+01    5.4410e+01    5.4510e+01

 Columns 547 through 549:

    5.4610e+01    5.4710e+01    5.4810e+01

 Columns 550 through 552:

    5.4910e+01    5.5010e+01    5.5110e+01

 Columns 553 through 555:

    5.5210e+01    5.5310e+01    5.5410e+01

 Columns 556 through 558:

    5.5510e+01    5.5610e+01    5.5710e+01

 Columns 559 through 561:

    5.5810e+01    5.5910e+01    5.6010e+01

 Columns 562 through 564:

    5.6110e+01    5.6210e+01    5.6310e+01

 Columns 565 through 567:

    5.6410e+01    5.6510e+01    5.6610e+01

 Columns 568 through 570:

    5.6710e+01    5.6810e+01    5.6910e+01

 Columns 571 through 573:

    5.7010e+01    5.7110e+01    5.7210e+01

 Columns 574 through 576:

    5.7310e+01    5.7410e+01    5.7510e+01

 Columns 577 through 579:

    5.7610e+01    5.7710e+01    5.7810e+01

 Columns 580 through 582:

    5.7910e+01    5.8010e+01    5.8110e+01

 Columns 583 through 585:

    5.8210e+01    5.8310e+01    5.8410e+01

 Columns 586 through 588:

    5.8510e+01    5.8610e+01    5.8710e+01

 Columns 589 through 591:

    5.8810e+01    5.8910e+01    5.9010e+01

 Columns 592 through 594:

    5.9110e+01    5.9210e+01    5.9310e+01

 Columns 595 through 597:

    5.9410e+01    5.9510e+01    5.9610e+01

 Columns 598 through 600:

    5.9710e+01    5.9810e+01    5.9910e+01

 Columns 601 through 603:

    6.0010e+01    6.0110e+01    6.0210e+01

 Columns 604 through 606:

    6.0310e+01    6.0410e+01    6.0510e+01

 Columns 607 through 609:

    6.0610e+01    6.0710e+01    6.0810e+01

 Columns 610 through 612:

    6.0910e+01    6.1010e+01    6.1110e+01

 Columns 613 through 615:

    6.1210e+01    6.1310e+01    6.1410e+01

 Columns 616 through 618:

    6.1510e+01    6.1610e+01    6.1710e+01

 Columns 619 through 621:

    6.1810e+01    6.1910e+01    6.2010e+01

 Columns 622 through 624:

    6.2110e+01    6.2210e+01    6.2310e+01

 Columns 625 through 627:

    6.2410e+01    6.2510e+01    6.2610e+01

 Columns 628 and 629:

    6.2710e+01    6.2810e+01

octave:96> t
t =

 Columns 1 through 3:

    1.0000e-02    1.1000e-01    2.1000e-01

 Columns 4 through 6:

    3.1000e-01    4.1000e-01    5.1000e-01

 Columns 7 through 9:

    6.1000e-01    7.1000e-01    8.1000e-01

 Columns 10 through 12:

    9.1000e-01    1.0100e+00    1.1100e+00

 Columns 13 through 15:

    1.2100e+00    1.3100e+00    1.4100e+00

 Columns 16 through 18:

    1.5100e+00    1.6100e+00    1.7100e+00

 Columns 19 through 21:

    1.8100e+00    1.9100e+00    2.0100e+00

 Columns 22 through 24:

    2.1100e+00    2.2100e+00    2.3100e+00

 Columns 25 through 27:

    2.4100e+00    2.5100e+00    2.6100e+00

 Columns 28 through 30:

    2.7100e+00    2.8100e+00    2.9100e+00

 Columns 31 through 33:

    3.0100e+00    3.1100e+00    3.2100e+00

 Columns 34 through 36:

    3.3100e+00    3.4100e+00    3.5100e+00

 Columns 37 through 39:

    3.6100e+00    3.7100e+00    3.8100e+00

 Columns 40 through 42:

    3.9100e+00    4.0100e+00    4.1100e+00

 Columns 43 through 45:

    4.2100e+00    4.3100e+00    4.4100e+00

 Columns 46 through 48:

    4.5100e+00    4.6100e+00    4.7100e+00

 Columns 49 through 51:

    4.8100e+00    4.9100e+00    5.0100e+00

 Columns 52 through 54:

    5.1100e+00    5.2100e+00    5.3100e+00

 Columns 55 through 57:

    5.4100e+00    5.5100e+00    5.6100e+00

 Columns 58 through 60:

    5.7100e+00    5.8100e+00    5.9100e+00

 Columns 61 through 63:

    6.0100e+00    6.1100e+00    6.2100e+00

 Columns 64 through 66:

    6.3100e+00    6.4100e+00    6.5100e+00

 Columns 67 through 69:

    6.6100e+00    6.7100e+00    6.8100e+00

 Columns 70 through 72:

    6.9100e+00    7.0100e+00    7.1100e+00

 Columns 73 through 75:

    7.2100e+00    7.3100e+00    7.4100e+00

 Columns 76 through 78:

    7.5100e+00    7.6100e+00    7.7100e+00

 Columns 79 through 81:

    7.8100e+00    7.9100e+00    8.0100e+00

 Columns 82 through 84:

    8.1100e+00    8.2100e+00    8.3100e+00

 Columns 85 through 87:

    8.4100e+00    8.5100e+00    8.6100e+00

 Columns 88 through 90:

    8.7100e+00    8.8100e+00    8.9100e+00

 Columns 91 through 93:

    9.0100e+00    9.1100e+00    9.2100e+00

 Columns 94 through 96:

    9.3100e+00    9.4100e+00    9.5100e+00

 Columns 97 through 99:

    9.6100e+00    9.7100e+00    9.8100e+00

 Columns 100 through 102:

    9.9100e+00    1.0010e+01    1.0110e+01

 Columns 103 through 105:

    1.0210e+01    1.0310e+01    1.0410e+01

 Columns 106 through 108:

    1.0510e+01    1.0610e+01    1.0710e+01

 Columns 109 through 111:

    1.0810e+01    1.0910e+01    1.1010e+01

 Columns 112 through 114:

    1.1110e+01    1.1210e+01    1.1310e+01

 Columns 115 through 117:

    1.1410e+01    1.1510e+01    1.1610e+01

 Columns 118 through 120:

    1.1710e+01    1.1810e+01    1.1910e+01

 Columns 121 through 123:

    1.2010e+01    1.2110e+01    1.2210e+01

 Columns 124 through 126:

    1.2310e+01    1.2410e+01    1.2510e+01

 Columns 127 through 129:

    1.2610e+01    1.2710e+01    1.2810e+01

 Columns 130 through 132:

    1.2910e+01    1.3010e+01    1.3110e+01

 Columns 133 through 135:

    1.3210e+01    1.3310e+01    1.3410e+01

 Columns 136 through 138:

    1.3510e+01    1.3610e+01    1.3710e+01

 Columns 139 through 141:

    1.3810e+01    1.3910e+01    1.4010e+01

 Columns 142 through 144:

    1.4110e+01    1.4210e+01    1.4310e+01

 Columns 145 through 147:

    1.4410e+01    1.4510e+01    1.4610e+01

 Columns 148 through 150:

    1.4710e+01    1.4810e+01    1.4910e+01

 Columns 151 through 153:

    1.5010e+01    1.5110e+01    1.5210e+01

 Columns 154 through 156:

    1.5310e+01    1.5410e+01    1.5510e+01

 Columns 157 through 159:

    1.5610e+01    1.5710e+01    1.5810e+01

 Columns 160 through 162:

    1.5910e+01    1.6010e+01    1.6110e+01

 Columns 163 through 165:

    1.6210e+01    1.6310e+01    1.6410e+01

 Columns 166 through 168:

    1.6510e+01    1.6610e+01    1.6710e+01

 Columns 169 through 171:

    1.6810e+01    1.6910e+01    1.7010e+01

 Columns 172 through 174:

    1.7110e+01    1.7210e+01    1.7310e+01

 Columns 175 through 177:

    1.7410e+01    1.7510e+01    1.7610e+01

 Columns 178 through 180:

    1.7710e+01    1.7810e+01    1.7910e+01

 Columns 181 through 183:

    1.8010e+01    1.8110e+01    1.8210e+01

 Columns 184 through 186:

    1.8310e+01    1.8410e+01    1.8510e+01

 Columns 187 through 189:

    1.8610e+01    1.8710e+01    1.8810e+01

 Columns 190 through 192:

    1.8910e+01    1.9010e+01    1.9110e+01

 Columns 193 through 195:

    1.9210e+01    1.9310e+01    1.9410e+01

 Columns 196 through 198:

    1.9510e+01    1.9610e+01    1.9710e+01

 Columns 199 through 201:

    1.9810e+01    1.9910e+01    2.0010e+01

 Columns 202 through 204:

    2.0110e+01    2.0210e+01    2.0310e+01

 Columns 205 through 207:

    2.0410e+01    2.0510e+01    2.0610e+01

 Columns 208 through 210:

    2.0710e+01    2.0810e+01    2.0910e+01

 Columns 211 through 213:

    2.1010e+01    2.1110e+01    2.1210e+01

 Columns 214 through 216:

    2.1310e+01    2.1410e+01    2.1510e+01

 Columns 217 through 219:

    2.1610e+01    2.1710e+01    2.1810e+01

 Columns 220 through 222:

    2.1910e+01    2.2010e+01    2.2110e+01

 Columns 223 through 225:

    2.2210e+01    2.2310e+01    2.2410e+01

 Columns 226 through 228:

    2.2510e+01    2.2610e+01    2.2710e+01

 Columns 229 through 231:

    2.2810e+01    2.2910e+01    2.3010e+01

 Columns 232 through 234:

    2.3110e+01    2.3210e+01    2.3310e+01

 Columns 235 through 237:

    2.3410e+01    2.3510e+01    2.3610e+01

 Columns 238 through 240:

    2.3710e+01    2.3810e+01    2.3910e+01

 Columns 241 through 243:

    2.4010e+01    2.4110e+01    2.4210e+01

 Columns 244 through 246:

    2.4310e+01    2.4410e+01    2.4510e+01

 Columns 247 through 249:

    2.4610e+01    2.4710e+01    2.4810e+01

 Columns 250 through 252:

    2.4910e+01    2.5010e+01    2.5110e+01

 Columns 253 through 255:

    2.5210e+01    2.5310e+01    2.5410e+01

 Columns 256 through 258:

    2.5510e+01    2.5610e+01    2.5710e+01

 Columns 259 through 261:

    2.5810e+01    2.5910e+01    2.6010e+01

 Columns 262 through 264:

    2.6110e+01    2.6210e+01    2.6310e+01

 Columns 265 through 267:

    2.6410e+01    2.6510e+01    2.6610e+01

 Columns 268 through 270:

    2.6710e+01    2.6810e+01    2.6910e+01

 Columns 271 through 273:

    2.7010e+01    2.7110e+01    2.7210e+01

 Columns 274 through 276:

    2.7310e+01    2.7410e+01    2.7510e+01

 Columns 277 through 279:

    2.7610e+01    2.7710e+01    2.7810e+01

 Columns 280 through 282:

    2.7910e+01    2.8010e+01    2.8110e+01

 Columns 283 through 285:

    2.8210e+01    2.8310e+01    2.8410e+01

 Columns 286 through 288:

    2.8510e+01    2.8610e+01    2.8710e+01

 Columns 289 through 291:

    2.8810e+01    2.8910e+01    2.9010e+01

 Columns 292 through 294:

    2.9110e+01    2.9210e+01    2.9310e+01

 Columns 295 through 297:

    2.9410e+01    2.9510e+01    2.9610e+01

 Columns 298 through 300:

    2.9710e+01    2.9810e+01    2.9910e+01

 Columns 301 through 303:

    3.0010e+01    3.0110e+01    3.0210e+01

 Columns 304 through 306:

    3.0310e+01    3.0410e+01    3.0510e+01

 Columns 307 through 309:

    3.0610e+01    3.0710e+01    3.0810e+01

 Columns 310 through 312:

    3.0910e+01    3.1010e+01    3.1110e+01

 Columns 313 through 315:

    3.1210e+01    3.1310e+01    3.1410e+01

 Columns 316 through 318:

    3.1510e+01    3.1610e+01    3.1710e+01

 Columns 319 through 321:

    3.1810e+01    3.1910e+01    3.2010e+01

 Columns 322 through 324:

    3.2110e+01    3.2210e+01    3.2310e+01

 Columns 325 through 327:

    3.2410e+01    3.2510e+01    3.2610e+01

 Columns 328 through 330:

    3.2710e+01    3.2810e+01    3.2910e+01

 Columns 331 through 333:

    3.3010e+01    3.3110e+01    3.3210e+01

 Columns 334 through 336:

    3.3310e+01    3.3410e+01    3.3510e+01

 Columns 337 through 339:

    3.3610e+01    3.3710e+01    3.3810e+01

 Columns 340 through 342:

    3.3910e+01    3.4010e+01    3.4110e+01

 Columns 343 through 345:

    3.4210e+01    3.4310e+01    3.4410e+01

 Columns 346 through 348:

    3.4510e+01    3.4610e+01    3.4710e+01

 Columns 349 through 351:

    3.4810e+01    3.4910e+01    3.5010e+01

 Columns 352 through 354:

    3.5110e+01    3.5210e+01    3.5310e+01

 Columns 355 through 357:

    3.5410e+01    3.5510e+01    3.5610e+01

 Columns 358 through 360:

    3.5710e+01    3.5810e+01    3.5910e+01

 Columns 361 through 363:

    3.6010e+01    3.6110e+01    3.6210e+01

 Columns 364 through 366:

    3.6310e+01    3.6410e+01    3.6510e+01

 Columns 367 through 369:

    3.6610e+01    3.6710e+01    3.6810e+01

 Columns 370 through 372:

    3.6910e+01    3.7010e+01    3.7110e+01

 Columns 373 through 375:

    3.7210e+01    3.7310e+01    3.7410e+01

 Columns 376 through 378:

    3.7510e+01    3.7610e+01    3.7710e+01

 Columns 379 through 381:

    3.7810e+01    3.7910e+01    3.8010e+01

 Columns 382 through 384:

    3.8110e+01    3.8210e+01    3.8310e+01

 Columns 385 through 387:

    3.8410e+01    3.8510e+01    3.8610e+01

 Columns 388 through 390:

    3.8710e+01    3.8810e+01    3.8910e+01

 Columns 391 through 393:

    3.9010e+01    3.9110e+01    3.9210e+01

 Columns 394 through 396:

    3.9310e+01    3.9410e+01    3.9510e+01

 Columns 397 through 399:

    3.9610e+01    3.9710e+01    3.9810e+01

 Columns 400 through 402:

    3.9910e+01    4.0010e+01    4.0110e+01

 Columns 403 through 405:

    4.0210e+01    4.0310e+01    4.0410e+01

 Columns 406 through 408:

    4.0510e+01    4.0610e+01    4.0710e+01

 Columns 409 through 411:

    4.0810e+01    4.0910e+01    4.1010e+01

 Columns 412 through 414:

    4.1110e+01    4.1210e+01    4.1310e+01

 Columns 415 through 417:

    4.1410e+01    4.1510e+01    4.1610e+01

 Columns 418 through 420:

    4.1710e+01    4.1810e+01    4.1910e+01

 Columns 421 through 423:

    4.2010e+01    4.2110e+01    4.2210e+01

 Columns 424 through 426:

    4.2310e+01    4.2410e+01    4.2510e+01

 Columns 427 through 429:

    4.2610e+01    4.2710e+01    4.2810e+01

 Columns 430 through 432:

    4.2910e+01    4.3010e+01    4.3110e+01

 Columns 433 through 435:

    4.3210e+01    4.3310e+01    4.3410e+01

 Columns 436 through 438:

    4.3510e+01    4.3610e+01    4.3710e+01

 Columns 439 through 441:

    4.3810e+01    4.3910e+01    4.4010e+01

 Columns 442 through 444:

    4.4110e+01    4.4210e+01    4.4310e+01

 Columns 445 through 447:

    4.4410e+01    4.4510e+01    4.4610e+01

 Columns 448 through 450:

    4.4710e+01    4.4810e+01    4.4910e+01

 Columns 451 through 453:

    4.5010e+01    4.5110e+01    4.5210e+01

 Columns 454 through 456:

    4.5310e+01    4.5410e+01    4.5510e+01

 Columns 457 through 459:

    4.5610e+01    4.5710e+01    4.5810e+01

 Columns 460 through 462:

    4.5910e+01    4.6010e+01    4.6110e+01

 Columns 463 through 465:

    4.6210e+01    4.6310e+01    4.6410e+01

 Columns 466 through 468:

    4.6510e+01    4.6610e+01    4.6710e+01

 Columns 469 through 471:

    4.6810e+01    4.6910e+01    4.7010e+01

 Columns 472 through 474:

    4.7110e+01    4.7210e+01    4.7310e+01

 Columns 475 through 477:

    4.7410e+01    4.7510e+01    4.7610e+01

 Columns 478 through 480:

    4.7710e+01    4.7810e+01    4.7910e+01

 Columns 481 through 483:

    4.8010e+01    4.8110e+01    4.8210e+01

 Columns 484 through 486:

    4.8310e+01    4.8410e+01    4.8510e+01

 Columns 487 through 489:

    4.8610e+01    4.8710e+01    4.8810e+01

 Columns 490 through 492:

    4.8910e+01    4.9010e+01    4.9110e+01

 Columns 493 through 495:

    4.9210e+01    4.9310e+01    4.9410e+01

 Columns 496 through 498:

    4.9510e+01    4.9610e+01    4.9710e+01

 Columns 499 through 501:

    4.9810e+01    4.9910e+01    5.0010e+01

 Columns 502 through 504:

    5.0110e+01    5.0210e+01    5.0310e+01

 Columns 505 through 507:

    5.0410e+01    5.0510e+01    5.0610e+01

 Columns 508 through 510:

    5.0710e+01    5.0810e+01    5.0910e+01

 Columns 511 through 513:

    5.1010e+01    5.1110e+01    5.1210e+01

 Columns 514 through 516:

    5.1310e+01    5.1410e+01    5.1510e+01

 Columns 517 through 519:

    5.1610e+01    5.1710e+01    5.1810e+01

 Columns 520 through 522:

    5.1910e+01    5.2010e+01    5.2110e+01

 Columns 523 through 525:

    5.2210e+01    5.2310e+01    5.2410e+01

 Columns 526 through 528:

    5.2510e+01    5.2610e+01    5.2710e+01

 Columns 529 through 531:

    5.2810e+01    5.2910e+01    5.3010e+01

 Columns 532 through 534:

    5.3110e+01    5.3210e+01    5.3310e+01

 Columns 535 through 537:

    5.3410e+01    5.3510e+01    5.3610e+01

 Columns 538 through 540:

    5.3710e+01    5.3810e+01    5.3910e+01

 Columns 541 through 543:

    5.4010e+01    5.4110e+01    5.4210e+01

 Columns 544 through 546:

    5.4310e+01    5.4410e+01    5.4510e+01

 Columns 547 through 549:

    5.4610e+01    5.4710e+01    5.4810e+01

 Columns 550 through 552:

    5.4910e+01    5.5010e+01    5.5110e+01

 Columns 553 through 555:

    5.5210e+01    5.5310e+01    5.5410e+01

 Columns 556 through 558:

    5.5510e+01    5.5610e+01    5.5710e+01

 Columns 559 through 561:

    5.5810e+01    5.5910e+01    5.6010e+01

 Columns 562 through 564:

    5.6110e+01    5.6210e+01    5.6310e+01

 Columns 565 through 567:

    5.6410e+01    5.6510e+01    5.6610e+01

 Columns 568 through 570:

    5.6710e+01    5.6810e+01    5.6910e+01

 Columns 571 through 573:

    5.7010e+01    5.7110e+01    5.7210e+01

 Columns 574 through 576:

    5.7310e+01    5.7410e+01    5.7510e+01

 Columns 577 through 579:

    5.7610e+01    5.7710e+01    5.7810e+01

 Columns 580 through 582:

    5.7910e+01    5.8010e+01    5.8110e+01

 Columns 583 through 585:

    5.8210e+01    5.8310e+01    5.8410e+01

 Columns 586 through 588:

    5.8510e+01    5.8610e+01    5.8710e+01

 Columns 589 through 591:

    5.8810e+01    5.8910e+01    5.9010e+01

 Columns 592 through 594:

    5.9110e+01    5.9210e+01    5.9310e+01

 Columns 595 through 597:

    5.9410e+01    5.9510e+01    5.9610e+01

 Columns 598 through 600:

    5.9710e+01    5.9810e+01    5.9910e+01

 Columns 601 through 603:

    6.0010e+01    6.0110e+01    6.0210e+01

 Columns 604 through 606:

    6.0310e+01    6.0410e+01    6.0510e+01

 Columns 607 through 609:

    6.0610e+01    6.0710e+01    6.0810e+01

 Columns 610 through 612:

    6.0910e+01    6.1010e+01    6.1110e+01

 Columns 613 through 615:

    6.1210e+01    6.1310e+01    6.1410e+01

 Columns 616 through 618:

    6.1510e+01    6.1610e+01    6.1710e+01

 Columns 619 through 621:

    6.1810e+01    6.1910e+01    6.2010e+01

 Columns 622 through 624:

    6.2110e+01    6.2210e+01    6.2310e+01

 Columns 625 through 627:

    6.2410e+01    6.2510e+01    6.2610e+01

 Columns 628 and 629:

    6.2710e+01    6.2810e+01

octave:97> 
octave:97> x = cos(t);
octave:98> y=sin(t);
octave:99> z=t.^3;
octave:100> plot3(x,y,z)
octave:101> eye(10)
ans =

Diagonal Matrix

   1   0   0   0   0   0   0   0   0   0
   0   1   0   0   0   0   0   0   0   0
   0   0   1   0   0   0   0   0   0   0
   0   0   0   1   0   0   0   0   0   0
   0   0   0   0   1   0   0   0   0   0
   0   0   0   0   0   1   0   0   0   0
   0   0   0   0   0   0   1   0   0   0
   0   0   0   0   0   0   0   1   0   0
   0   0   0   0   0   0   0   0   1   0
   0   0   0   0   0   0   0   0   0   1

octave:102> surf(eye(10))
octave:103> peaks
octave:104> sphere
octave:105> clc
octave:106> t
t =

 Columns 1 through 3:

    1.0000e-02    1.1000e-01    2.1000e-01

 Columns 4 through 6:

    3.1000e-01    4.1000e-01    5.1000e-01

 Columns 7 through 9:

    6.1000e-01    7.1000e-01    8.1000e-01

 Columns 10 through 12:

    9.1000e-01    1.0100e+00    1.1100e+00

 Columns 13 through 15:

    1.2100e+00    1.3100e+00    1.4100e+00

 Columns 16 through 18:

    1.5100e+00    1.6100e+00    1.7100e+00

 Columns 19 through 21:

    1.8100e+00    1.9100e+00    2.0100e+00

 Columns 22 through 24:

    2.1100e+00    2.2100e+00    2.3100e+00

 Columns 25 through 27:

    2.4100e+00    2.5100e+00    2.6100e+00

 Columns 28 through 30:

    2.7100e+00    2.8100e+00    2.9100e+00

 Columns 31 through 33:

    3.0100e+00    3.1100e+00    3.2100e+00

 Columns 34 through 36:

    3.3100e+00    3.4100e+00    3.5100e+00

 Columns 37 through 39:

    3.6100e+00    3.7100e+00    3.8100e+00

 Columns 40 through 42:

    3.9100e+00    4.0100e+00    4.1100e+00

 Columns 43 through 45:

    4.2100e+00    4.3100e+00    4.4100e+00

 Columns 46 through 48:

    4.5100e+00    4.6100e+00    4.7100e+00

 Columns 49 through 51:

    4.8100e+00    4.9100e+00    5.0100e+00

 Columns 52 through 54:

    5.1100e+00    5.2100e+00    5.3100e+00

 Columns 55 through 57:

    5.4100e+00    5.5100e+00    5.6100e+00

 Columns 58 through 60:

    5.7100e+00    5.8100e+00    5.9100e+00

 Columns 61 through 63:

    6.0100e+00    6.1100e+00    6.2100e+00

 Columns 64 through 66:

    6.3100e+00    6.4100e+00    6.5100e+00

 Columns 67 through 69:

    6.6100e+00    6.7100e+00    6.8100e+00

 Columns 70 through 72:

    6.9100e+00    7.0100e+00    7.1100e+00

 Columns 73 through 75:

    7.2100e+00    7.3100e+00    7.4100e+00

 Columns 76 through 78:

    7.5100e+00    7.6100e+00    7.7100e+00

 Columns 79 through 81:

    7.8100e+00    7.9100e+00    8.0100e+00

 Columns 82 through 84:

    8.1100e+00    8.2100e+00    8.3100e+00

 Columns 85 through 87:

    8.4100e+00    8.5100e+00    8.6100e+00

 Columns 88 through 90:

    8.7100e+00    8.8100e+00    8.9100e+00

 Columns 91 through 93:

    9.0100e+00    9.1100e+00    9.2100e+00

 Columns 94 through 96:

    9.3100e+00    9.4100e+00    9.5100e+00

 Columns 97 through 99:

    9.6100e+00    9.7100e+00    9.8100e+00

 Columns 100 through 102:

    9.9100e+00    1.0010e+01    1.0110e+01

 Columns 103 through 105:

    1.0210e+01    1.0310e+01    1.0410e+01

 Columns 106 through 108:

    1.0510e+01    1.0610e+01    1.0710e+01

 Columns 109 through 111:

    1.0810e+01    1.0910e+01    1.1010e+01

 Columns 112 through 114:

    1.1110e+01    1.1210e+01    1.1310e+01

 Columns 115 through 117:

    1.1410e+01    1.1510e+01    1.1610e+01

 Columns 118 through 120:

    1.1710e+01    1.1810e+01    1.1910e+01

 Columns 121 through 123:

    1.2010e+01    1.2110e+01    1.2210e+01

 Columns 124 through 126:

    1.2310e+01    1.2410e+01    1.2510e+01

 Columns 127 through 129:

    1.2610e+01    1.2710e+01    1.2810e+01

 Columns 130 through 132:

    1.2910e+01    1.3010e+01    1.3110e+01

 Columns 133 through 135:

    1.3210e+01    1.3310e+01    1.3410e+01

 Columns 136 through 138:

    1.3510e+01    1.3610e+01    1.3710e+01

 Columns 139 through 141:

    1.3810e+01    1.3910e+01    1.4010e+01

 Columns 142 through 144:

    1.4110e+01    1.4210e+01    1.4310e+01

 Columns 145 through 147:

    1.4410e+01    1.4510e+01    1.4610e+01

 Columns 148 through 150:

    1.4710e+01    1.4810e+01    1.4910e+01

 Columns 151 through 153:

    1.5010e+01    1.5110e+01    1.5210e+01

 Columns 154 through 156:

    1.5310e+01    1.5410e+01    1.5510e+01

 Columns 157 through 159:

    1.5610e+01    1.5710e+01    1.5810e+01

 Columns 160 through 162:

    1.5910e+01    1.6010e+01    1.6110e+01

 Columns 163 through 165:

    1.6210e+01    1.6310e+01    1.6410e+01

 Columns 166 through 168:

    1.6510e+01    1.6610e+01    1.6710e+01

 Columns 169 through 171:

    1.6810e+01    1.6910e+01    1.7010e+01

 Columns 172 through 174:

    1.7110e+01    1.7210e+01    1.7310e+01

 Columns 175 through 177:

    1.7410e+01    1.7510e+01    1.7610e+01

 Columns 178 through 180:

    1.7710e+01    1.7810e+01    1.7910e+01

 Columns 181 through 183:

    1.8010e+01    1.8110e+01    1.8210e+01

 Columns 184 through 186:

    1.8310e+01    1.8410e+01    1.8510e+01

 Columns 187 through 189:

    1.8610e+01    1.8710e+01    1.8810e+01

 Columns 190 through 192:

    1.8910e+01    1.9010e+01    1.9110e+01

 Columns 193 through 195:

    1.9210e+01    1.9310e+01    1.9410e+01

 Columns 196 through 198:

    1.9510e+01    1.9610e+01    1.9710e+01

 Columns 199 through 201:

    1.9810e+01    1.9910e+01    2.0010e+01

 Columns 202 through 204:

    2.0110e+01    2.0210e+01    2.0310e+01

 Columns 205 through 207:

    2.0410e+01    2.0510e+01    2.0610e+01

 Columns 208 through 210:

    2.0710e+01    2.0810e+01    2.0910e+01

 Columns 211 through 213:

    2.1010e+01    2.1110e+01    2.1210e+01

 Columns 214 through 216:

    2.1310e+01    2.1410e+01    2.1510e+01

 Columns 217 through 219:

    2.1610e+01    2.1710e+01    2.1810e+01

 Columns 220 through 222:

    2.1910e+01    2.2010e+01    2.2110e+01

 Columns 223 through 225:

    2.2210e+01    2.2310e+01    2.2410e+01

 Columns 226 through 228:

    2.2510e+01    2.2610e+01    2.2710e+01

 Columns 229 through 231:

    2.2810e+01    2.2910e+01    2.3010e+01

 Columns 232 through 234:

    2.3110e+01    2.3210e+01    2.3310e+01

 Columns 235 through 237:

    2.3410e+01    2.3510e+01    2.3610e+01

 Columns 238 through 240:

    2.3710e+01    2.3810e+01    2.3910e+01

 Columns 241 through 243:

    2.4010e+01    2.4110e+01    2.4210e+01

 Columns 244 through 246:

    2.4310e+01    2.4410e+01    2.4510e+01

 Columns 247 through 249:

    2.4610e+01    2.4710e+01    2.4810e+01

 Columns 250 through 252:

    2.4910e+01    2.5010e+01    2.5110e+01

 Columns 253 through 255:

    2.5210e+01    2.5310e+01    2.5410e+01

 Columns 256 through 258:

    2.5510e+01    2.5610e+01    2.5710e+01

 Columns 259 through 261:

    2.5810e+01    2.5910e+01    2.6010e+01

 Columns 262 through 264:

    2.6110e+01    2.6210e+01    2.6310e+01

 Columns 265 through 267:

    2.6410e+01    2.6510e+01    2.6610e+01

 Columns 268 through 270:

    2.6710e+01    2.6810e+01    2.6910e+01

 Columns 271 through 273:

    2.7010e+01    2.7110e+01    2.7210e+01

 Columns 274 through 276:

    2.7310e+01    2.7410e+01    2.7510e+01

 Columns 277 through 279:

    2.7610e+01    2.7710e+01    2.7810e+01

 Columns 280 through 282:

    2.7910e+01    2.8010e+01    2.8110e+01

 Columns 283 through 285:

    2.8210e+01    2.8310e+01    2.8410e+01

 Columns 286 through 288:

    2.8510e+01    2.8610e+01    2.8710e+01

 Columns 289 through 291:

    2.8810e+01    2.8910e+01    2.9010e+01

 Columns 292 through 294:

    2.9110e+01    2.9210e+01    2.9310e+01

 Columns 295 through 297:

    2.9410e+01    2.9510e+01    2.9610e+01

 Columns 298 through 300:

    2.9710e+01    2.9810e+01    2.9910e+01

 Columns 301 through 303:

    3.0010e+01    3.0110e+01    3.0210e+01

 Columns 304 through 306:

    3.0310e+01    3.0410e+01    3.0510e+01

 Columns 307 through 309:

    3.0610e+01    3.0710e+01    3.0810e+01

 Columns 310 through 312:

    3.0910e+01    3.1010e+01    3.1110e+01

 Columns 313 through 315:

    3.1210e+01    3.1310e+01    3.1410e+01

 Columns 316 through 318:

    3.1510e+01    3.1610e+01    3.1710e+01

 Columns 319 through 321:

    3.1810e+01    3.1910e+01    3.2010e+01

 Columns 322 through 324:

    3.2110e+01    3.2210e+01    3.2310e+01

 Columns 325 through 327:

    3.2410e+01    3.2510e+01    3.2610e+01

 Columns 328 through 330:

    3.2710e+01    3.2810e+01    3.2910e+01

 Columns 331 through 333:

    3.3010e+01    3.3110e+01    3.3210e+01

 Columns 334 through 336:

    3.3310e+01    3.3410e+01    3.3510e+01

 Columns 337 through 339:

    3.3610e+01    3.3710e+01    3.3810e+01

 Columns 340 through 342:

    3.3910e+01    3.4010e+01    3.4110e+01

 Columns 343 through 345:

    3.4210e+01    3.4310e+01    3.4410e+01

 Columns 346 through 348:

    3.4510e+01    3.4610e+01    3.4710e+01

 Columns 349 through 351:

    3.4810e+01    3.4910e+01    3.5010e+01

 Columns 352 through 354:

    3.5110e+01    3.5210e+01    3.5310e+01

 Columns 355 through 357:

    3.5410e+01    3.5510e+01    3.5610e+01

 Columns 358 through 360:

    3.5710e+01    3.5810e+01    3.5910e+01

 Columns 361 through 363:

    3.6010e+01    3.6110e+01    3.6210e+01

 Columns 364 through 366:

    3.6310e+01    3.6410e+01    3.6510e+01

 Columns 367 through 369:

    3.6610e+01    3.6710e+01    3.6810e+01

 Columns 370 through 372:

    3.6910e+01    3.7010e+01    3.7110e+01

 Columns 373 through 375:

    3.7210e+01    3.7310e+01    3.7410e+01

 Columns 376 through 378:

    3.7510e+01    3.7610e+01    3.7710e+01

 Columns 379 through 381:

    3.7810e+01    3.7910e+01    3.8010e+01

 Columns 382 through 384:

    3.8110e+01    3.8210e+01    3.8310e+01

 Columns 385 through 387:

    3.8410e+01    3.8510e+01    3.8610e+01

 Columns 388 through 390:

    3.8710e+01    3.8810e+01    3.8910e+01

 Columns 391 through 393:

    3.9010e+01    3.9110e+01    3.9210e+01

 Columns 394 through 396:

    3.9310e+01    3.9410e+01    3.9510e+01

 Columns 397 through 399:

    3.9610e+01    3.9710e+01    3.9810e+01

 Columns 400 through 402:

    3.9910e+01    4.0010e+01    4.0110e+01

 Columns 403 through 405:

    4.0210e+01    4.0310e+01    4.0410e+01

 Columns 406 through 408:

    4.0510e+01    4.0610e+01    4.0710e+01

 Columns 409 through 411:

    4.0810e+01    4.0910e+01    4.1010e+01

 Columns 412 through 414:

    4.1110e+01    4.1210e+01    4.1310e+01

 Columns 415 through 417:

    4.1410e+01    4.1510e+01    4.1610e+01

 Columns 418 through 420:

    4.1710e+01    4.1810e+01    4.1910e+01

 Columns 421 through 423:

    4.2010e+01    4.2110e+01    4.2210e+01

 Columns 424 through 426:

    4.2310e+01    4.2410e+01    4.2510e+01

 Columns 427 through 429:

    4.2610e+01    4.2710e+01    4.2810e+01

 Columns 430 through 432:

    4.2910e+01    4.3010e+01    4.3110e+01

 Columns 433 through 435:

    4.3210e+01    4.3310e+01    4.3410e+01

 Columns 436 through 438:

    4.3510e+01    4.3610e+01    4.3710e+01

 Columns 439 through 441:

    4.3810e+01    4.3910e+01    4.4010e+01

 Columns 442 through 444:

    4.4110e+01    4.4210e+01    4.4310e+01

 Columns 445 through 447:

    4.4410e+01    4.4510e+01    4.4610e+01

 Columns 448 through 450:

    4.4710e+01    4.4810e+01    4.4910e+01

 Columns 451 through 453:

    4.5010e+01    4.5110e+01    4.5210e+01

 Columns 454 through 456:

    4.5310e+01    4.5410e+01    4.5510e+01

 Columns 457 through 459:

    4.5610e+01    4.5710e+01    4.5810e+01

 Columns 460 through 462:

    4.5910e+01    4.6010e+01    4.6110e+01

 Columns 463 through 465:

    4.6210e+01    4.6310e+01    4.6410e+01

 Columns 466 through 468:

    4.6510e+01    4.6610e+01    4.6710e+01

 Columns 469 through 471:

    4.6810e+01    4.6910e+01    4.7010e+01

 Columns 472 through 474:

    4.7110e+01    4.7210e+01    4.7310e+01

 Columns 475 through 477:

    4.7410e+01    4.7510e+01    4.7610e+01

 Columns 478 through 480:

    4.7710e+01    4.7810e+01    4.7910e+01

 Columns 481 through 483:

    4.8010e+01    4.8110e+01    4.8210e+01

 Columns 484 through 486:

    4.8310e+01    4.8410e+01    4.8510e+01

 Columns 487 through 489:

    4.8610e+01    4.8710e+01    4.8810e+01

 Columns 490 through 492:

    4.8910e+01    4.9010e+01    4.9110e+01

 Columns 493 through 495:

    4.9210e+01    4.9310e+01    4.9410e+01

 Columns 496 through 498:

    4.9510e+01    4.9610e+01    4.9710e+01

 Columns 499 through 501:

    4.9810e+01    4.9910e+01    5.0010e+01

 Columns 502 through 504:

    5.0110e+01    5.0210e+01    5.0310e+01

 Columns 505 through 507:

    5.0410e+01    5.0510e+01    5.0610e+01

 Columns 508 through 510:

    5.0710e+01    5.0810e+01    5.0910e+01

 Columns 511 through 513:

    5.1010e+01    5.1110e+01    5.1210e+01

 Columns 514 through 516:

    5.1310e+01    5.1410e+01    5.1510e+01

 Columns 517 through 519:

    5.1610e+01    5.1710e+01    5.1810e+01

 Columns 520 through 522:

    5.1910e+01    5.2010e+01    5.2110e+01

 Columns 523 through 525:

    5.2210e+01    5.2310e+01    5.2410e+01

 Columns 526 through 528:

    5.2510e+01    5.2610e+01    5.2710e+01

 Columns 529 through 531:

    5.2810e+01    5.2910e+01    5.3010e+01

 Columns 532 through 534:

    5.3110e+01    5.3210e+01    5.3310e+01

 Columns 535 through 537:

    5.3410e+01    5.3510e+01    5.3610e+01

 Columns 538 through 540:

    5.3710e+01    5.3810e+01    5.3910e+01

 Columns 541 through 543:

    5.4010e+01    5.4110e+01    5.4210e+01

 Columns 544 through 546:

    5.4310e+01    5.4410e+01    5.4510e+01

 Columns 547 through 549:

    5.4610e+01    5.4710e+01    5.4810e+01

 Columns 550 through 552:

    5.4910e+01    5.5010e+01    5.5110e+01

 Columns 553 through 555:

    5.5210e+01    5.5310e+01    5.5410e+01

 Columns 556 through 558:

    5.5510e+01    5.5610e+01    5.5710e+01

 Columns 559 through 561:

    5.5810e+01    5.5910e+01    5.6010e+01

 Columns 562 through 564:

    5.6110e+01    5.6210e+01    5.6310e+01

 Columns 565 through 567:

    5.6410e+01    5.6510e+01    5.6610e+01

 Columns 568 through 570:

    5.6710e+01    5.6810e+01    5.6910e+01

 Columns 571 through 573:

    5.7010e+01    5.7110e+01    5.7210e+01

 Columns 574 through 576:

    5.7310e+01    5.7410e+01    5.7510e+01

 Columns 577 through 579:

    5.7610e+01    5.7710e+01    5.7810e+01

 Columns 580 through 582:

    5.7910e+01    5.8010e+01    5.8110e+01

 Columns 583 through 585:

    5.8210e+01    5.8310e+01    5.8410e+01

 Columns 586 through 588:

    5.8510e+01    5.8610e+01    5.8710e+01

 Columns 589 through 591:

    5.8810e+01    5.8910e+01    5.9010e+01

 Columns 592 through 594:

    5.9110e+01    5.9210e+01    5.9310e+01

 Columns 595 through 597:

    5.9410e+01    5.9510e+01    5.9610e+01

 Columns 598 through 600:

    5.9710e+01    5.9810e+01    5.9910e+01

 Columns 601 through 603:

    6.0010e+01    6.0110e+01    6.0210e+01

 Columns 604 through 606:

    6.0310e+01    6.0410e+01    6.0510e+01

 Columns 607 through 609:

    6.0610e+01    6.0710e+01    6.0810e+01

 Columns 610 through 612:

    6.0910e+01    6.1010e+01    6.1110e+01

 Columns 613 through 615:

    6.1210e+01    6.1310e+01    6.1410e+01

 Columns 616 through 618:

    6.1510e+01    6.1610e+01    6.1710e+01

 Columns 619 through 621:

    6.1810e+01    6.1910e+01    6.2010e+01

 Columns 622 through 624:

    6.2110e+01    6.2210e+01    6.2310e+01

 Columns 625 through 627:

    6.2410e+01    6.2510e+01    6.2610e+01

 Columns 628 and 629:

    6.2710e+01    6.2810e+01

